[test-bed] found a Team Fortress 2 install in tf2-archipelago_tf2game
mvmbots-testbed_tf2game already has something in it, leaving it alone
mvmbots-testbed_tf2game already has the game
[test-bed] starting the server on mvm_rottenburg
 Container mvmbots-testbed-srcds-1 Running 
[test-bed] waiting for the server to answer rcon (the first run downloads the game)
[test-bed] loading mission mvm_rottenburg_advanced1
[test-bed] waiting for the server to settle before restarting the round
[test-bed] watching for 2 wave results, giving up after 1500s
[test-bed] 0 of 2 waves finished
[test-bed] 0 of 2 waves finished
[test-bed] 0 of 2 waves finished
[test-bed] 0 of 2 waves finished
[test-bed] 0 of 2 waves finished
[test-bed] 0 of 2 waves finished
[test-bed] 0 of 2 waves finished
[test-bed] 0 of 2 waves finished
[test-bed] 0 of 2 waves finished
[test-bed] 0 of 2 waves finished
[test-bed] 1 of 2 waves finished
[test-bed] 1 of 2 waves finished
[test-bed] 1 of 2 waves finished
[test-bed] 1 of 2 waves finished
[test-bed] 1 of 2 waves finished
[test-bed] 1 of 2 waves finished
[test-bed] 1 of 2 waves finished
[test-bed] 1 of 2 waves finished
[test-bed] 1 of 2 waves finished
[test-bed] 1 of 2 waves finished
[test-bed] 1 of 2 waves finished
[test-bed] 1 of 2 waves finished
[test-bed] 1 of 2 waves finished
[test-bed] 1 of 2 waves finished
[test-bed] 1 of 2 waves finished
[test-bed] 1 of 2 waves finished
[test-bed] 1 of 2 waves finished
[test-bed] 1 of 2 waves finished
[test-bed] 1 of 2 waves finished
[test-bed] 2 of 2 waves finished
[test-bed] wrote results/ammo-on-3.jsonl

results/ammo-on-3.jsonl
  waves played      2
  cleared           0 (0%)
  robots killed     155, of them 5 giants
  defenders died    68
  sentries lost     4
  buildings took    869, engineer put back 0 (0%)
  damage dealt      48939
  of it, sentries   1392 (3%)
  damage to tanks   0
  healing done      6508, 0 ubers
  healing by class  scout 5216  medic 1075  engineer 217
  scoreboard says   5178   (the event sum says 6508, which is a -1330 gap)
  damage by class   heavy 17844  scout 11040  soldier 10787  engineer 4130  demoman 4111  medic 1027
  kills by class    heavy 60  soldier 33  scout 25  demoman 18  engineer 16  medic 3
  giants by class   heavy 3  scout 2
  killed us         soldier 33  scout 29  demoman 5  heavy 1
  died to           explosion 38  other 30
  demoman damage    pipes 3433, stickies 678, bottle 0
  soldier damage    rockets 10787, everything else 0
  jars thrown       15
  projectiles       soldier 153 fired, 94 hit (61%);  demoman 75 fired, 25 hit (33%)
  hurt themselves   heavy 1300  scout 1243  soldier 591  demoman 306
  killed themselves heavy 1  scout 1

  what the bots were doing (652 samples)
    Ernie            heavy     DefenderAttack 66%, DefenderMoveToFront 20%, DefenderGotoUpgrade 6%
                               primary 97%/secondary 2%, hurt 11% of the time
    Fred             demoman   DefenderAttack 37%, DefenderCampBomb 33%, DefenderMoveToFront 27%
                               primary 81%/secondary 18%, hurt 16% of the time
    George           engineer  DefenderBuildSentrygun 63%, DefenderEngineerIdle 12%, DefenderGotoUpgrade 11%
                               primary 71%/secondary 0%/melee 5%, hurt 11% of the time
    Toby             medic     Heal 60%, DefenderMoveToFront 29%, DefenderMedicRevive 5%
                               beam on somebody 49% of the time, trigger held 63% (78% of that connected)
                               primary 6%/secondary 92%/melee 0%, hurt 15% of the time
    Uri              soldier   DefenderAttack 56%, DefenderMoveToFront 19%, DefenderGotoUpgrade 11%
                               primary 95%/secondary 4%, hurt 14% of the time
    Walt             scout     DefenderCollectMoney 47%, DefenderMoveToFront 24%, DefenderAttack 22%
                               primary 44%/secondary 55%, hurt 8% of the time

  what the buildings were worth (132 samples)
    George dispenser             level 3, saw a robot 38% of samples (1.2 at a time), 0.7 teammates in range
    George sentry                level 3, saw a robot 21% of samples (0.5 at a time), 3.7 teammates in range
    George teleporter entrance   level 3, saw a robot 6% of samples (0.1 at a time), 0.3 teammates in range
    George teleporter exit       level 3, saw a robot 8% of samples (0.1 at a time), 0.2 teammates in range

  how close the buildings got to the spots mvm_rottenburg names
    George dispenser              wave 1: 58
    George sentry                 wave 1: 540!
    (median units from the nearest authored spot; ! is off it, !! is nowhere near it)

  how close the nearest robot was
    demoman   median 1182, closest tenth under 324, point blank 1% of samples
    engineer  median 855, closest tenth under 245, point blank 5% of samples
    heavy     median 882, closest tenth under 249, point blank 8% of samples
    medic     median 1110, closest tenth under 363, point blank 2% of samples
    scout     median 636, closest tenth under 165, point blank 4% of samples
    soldier   median 694, closest tenth under 213, point blank 7% of samples

  where they stood while a wave was running
    Ernie            heavy     stood still 3% of the time, longest 5s at 971 -1175 -436, 54995 units walked per wave
                               trigger held in 54% of samples, 44% of those into the world (aimed at world 60%, entity_medigun_shield 8%, soldier 8%)
    Fred             demoman   stood still 42% of the time, longest 65s at -581 559 -202, 54032 units walked per wave
                               trigger held in 23% of samples, 57% of those into the world (aimed at world 80%, func_respawnroomvisualizer 6%, entity_medigun_shield 4%)
    George           engineer  stood still 7% of the time, longest 5s at 1574 -1718 -595, 91195 units walked per wave
                               asked to walk in 91% of samples, 1% of those with no path at all, 6% of those without moving
                               trigger held in 37% of samples, 57% of those into the world (aimed at world 74%, func_door 5%, soldier 5%)
                               wrench out 3 samples, 0% of them stopped out of reach of his own buildings
    Toby             medic     stood still 15% of the time, longest 20s at -715 643 -191, 54122 units walked per wave
                               trigger held in 90% of samples, 22% of those into the world (aimed at teammate 47%, world 28%, entity_medigun_shield 10%)
    Uri              soldier   stood still 7% of the time, longest 10s at -1346 623 -167, 57764 units walked per wave
                               trigger held in 26% of samples, 61% of those into the world (aimed at world 78%, func_respawnroomvisualizer 7%, giant soldier 4%)
    Walt             scout     stood still 1% of the time, longest 5s at -655 668 -195, 83836 units walked per wave
                               trigger held in 39% of samples, 43% of those into the world (aimed at world 73%, giant soldier 7%, soldier 7%)

  between waves
    Ernie            heavy     no behaviour in 0% of samples, longest 0s, 28186 units walked
    Fred             demoman   no behaviour in 0% of samples, longest 0s, 21428 units walked
    George           engineer  no behaviour in 0% of samples, longest 0s, 29481 units walked
    Toby             medic     no behaviour in 0% of samples, longest 0s, 23416 units walked
    Uri              soldier   no behaviour in 0% of samples, longest 0s, 22886 units walked
    Walt             scout     no behaviour in 0% of samples, longest 0s, 23853 units walked

  how much one wave varies from the next
