[test-bed] found a Team Fortress 2 install in tf2-archipelago_tf2game
mvmbots-testbed_tf2game already has something in it, leaving it alone
mvmbots-testbed_tf2game already has the game
[test-bed] starting the server on mvm_rottenburg
 Container mvmbots-testbed-srcds-1 Running 
[test-bed] waiting for the server to answer rcon (the first run downloads the game)
[test-bed] loading mission mvm_rottenburg_advanced1
[test-bed] waiting for the server to settle before restarting the round
[test-bed] watching for 2 wave results, giving up after 1500s
[test-bed] 0 of 2 waves finished
[test-bed] 0 of 2 waves finished
[test-bed] 0 of 2 waves finished
[test-bed] 0 of 2 waves finished
[test-bed] 0 of 2 waves finished
[test-bed] 0 of 2 waves finished
[test-bed] 0 of 2 waves finished
[test-bed] 0 of 2 waves finished
[test-bed] 0 of 2 waves finished
[test-bed] 0 of 2 waves finished
[test-bed] 0 of 2 waves finished
[test-bed] 0 of 2 waves finished
[test-bed] 1 of 2 waves finished
[test-bed] 1 of 2 waves finished
[test-bed] 1 of 2 waves finished
[test-bed] 1 of 2 waves finished
[test-bed] 1 of 2 waves finished
[test-bed] 1 of 2 waves finished
[test-bed] 1 of 2 waves finished
[test-bed] 1 of 2 waves finished
[test-bed] 1 of 2 waves finished
[test-bed] 1 of 2 waves finished
[test-bed] 1 of 2 waves finished
[test-bed] 1 of 2 waves finished
[test-bed] 1 of 2 waves finished
[test-bed] 2 of 2 waves finished
[test-bed] wrote results/ammo-off-2.jsonl

results/ammo-off-2.jsonl
  waves played      2
  cleared           0 (0%)
  robots killed     132, of them 3 giants
  defenders died    48
  sentries lost     2
  buildings took    1484, engineer put back 613 (41%)
  damage dealt      48603
  of it, sentries   5200 (11%)
  damage to tanks   0
  healing done      6661, 1 ubers
  healing by class  scout 5200  medic 966  engineer 495
  scoreboard says   6918
  damage by class   heavy 14144  scout 8880  soldier 8708  engineer 8485  demoman 6251  medic 2135
  kills by class    heavy 38  scout 25  demoman 23  soldier 23  engineer 21  medic 2
  giants by class   scout 2  soldier 1
  killed us         soldier 33  demoman 7  scout 6  tank 2
  died to           explosion 37  other 9  fire 2
  demoman damage    pipes 4732, stickies 1519, bottle 0
  soldier damage    rockets 8708, everything else 0
  jars thrown       12
  projectiles       soldier 121 fired, 75 hit (61%);  demoman 92 fired, 37 hit (40%)
  hurt themselves   scout 1127  medic 1025  demoman 578  soldier 326  engineer 32
  killed themselves scout 1

  what the bots were doing (581 samples)
    Bob              demoman   DefenderAttack 52%, DefenderMoveToFront 27%, DefenderGotoUpgrade 11%
                               primary 80%/secondary 19%, hurt 9% of the time
    Cecil            heavy     DefenderAttack 52%, DefenderMoveToFront 33%, DefenderCampBomb 6%
                               primary 98%/secondary 1%, hurt 3% of the time
    Elliot           scout     DefenderCollectMoney 44%, DefenderMoveToFront 29%, DefenderAttack 12%
                               primary 41%/secondary 57%/melee 0%, hurt 6% of the time
    Ernie            soldier   DefenderAttack 52%, DefenderMoveToFront 27%, DefenderGotoUpgrade 13%
                               primary 95%/secondary 4%, hurt 15% of the time
    Eugene           engineer  DefenderEngineerIdle 28%, DefenderBuildSentrygun 28%, DefenderBuildTeleporter 20%
                               primary 56%/secondary 10%/melee 14%, hurt 8% of the time
    Walt             medic     Heal 55%, DefenderMoveToFront 23%, DefenderGotoUpgrade 13%
                               beam on somebody 42% of the time, trigger held 56% (75% of that connected)
                               primary 27%/secondary 71%/melee 1%, hurt 7% of the time

  what the buildings were worth (239 samples)
    Eugene dispenser             level 3, saw a robot 15% of samples (0.3 at a time), 1.1 teammates in range
    Eugene sentry                level 3, saw a robot 18% of samples (0.5 at a time), 2.3 teammates in range
    Eugene teleporter entrance   level 3, saw a robot 1% of samples (0.0 at a time), 0.3 teammates in range
    Eugene teleporter exit       level 3, saw a robot 20% of samples (0.5 at a time), 0.3 teammates in range

  how close the buildings got to the spots mvm_rottenburg names
    Eugene dispenser              wave 1: 80
    Eugene sentry                 wave 1: 543!
    (median units from the nearest authored spot; ! is off it, !! is nowhere near it)

  how close the nearest robot was
    demoman   median 809, closest tenth under 216, point blank 3% of samples
    engineer  median 1051, closest tenth under 386, point blank 1% of samples
    heavy     median 1040, closest tenth under 282, point blank 3% of samples
    medic     median 1148, closest tenth under 264, point blank 3% of samples
    scout     median 683, closest tenth under 225, point blank 4% of samples
    soldier   median 904, closest tenth under 210, point blank 3% of samples

  where they stood while a wave was running
    Bob              demoman   stood still 1% of the time, longest 5s at 1610 -1510 -601, 58889 units walked per wave
                               trigger held in 26% of samples, 60% of those into the world (aimed at world 68%, func_respawnroomvisualizer 12%, teammate 8%)
    Cecil            heavy     stood still 18% of the time, longest 45s at -1336 1667 -148, 42464 units walked per wave
                               trigger held in 42% of samples, 34% of those into the world (aimed at world 59%, giant demoman 8%, entity_medigun_shield 8%)
    Elliot           scout     stood still 1% of the time, longest 5s at 1912 -1886 -596, 70972 units walked per wave
                               trigger held in 42% of samples, 70% of those into the world (aimed at world 80%, soldier 4%, giant soldier 3%)
    Ernie            soldier   stood still 5% of the time, longest 10s at 1735 -1832 -592, 53336 units walked per wave
                               trigger held in 26% of samples, 53% of those into the world (aimed at world 68%, func_respawnroomvisualizer 10%, entity_medigun_shield 6%)
    Eugene           engineer  stood still 16% of the time, longest 20s at 1476 -1006 -527, 54739 units walked per wave
                               asked to walk in 75% of samples, 8% of those with no path at all, 6% of those without moving
                               trigger held in 39% of samples, 50% of those into the world (aimed at world 74%, own_sentrygun 8%, giant soldier 6%)
                               wrench out 8 samples, 12% of them stopped out of reach of his own buildings
    Walt             medic     stood still 15% of the time, longest 10s at -1610 1710 -168, 48541 units walked per wave
                               trigger held in 91% of samples, 12% of those into the world (aimed at teammate 45%, entity_medigun_shield 22%, world 18%)

  between waves
    Bob              demoman   no behaviour in 0% of samples, longest 0s, 22429 units walked
    Cecil            heavy     no behaviour in 0% of samples, longest 0s, 24743 units walked
    Elliot           scout     no behaviour in 0% of samples, longest 0s, 22271 units walked
    Ernie            soldier   no behaviour in 0% of samples, longest 0s, 21313 units walked
    Eugene           engineer  no behaviour in 0% of samples, longest 0s, 47610 units walked
    Walt             medic     no behaviour in 0% of samples, longest 0s, 24044 units walked

  how much one wave varies from the next
