[test-bed] found a Team Fortress 2 install in tf2-archipelago_tf2game
mvmbots-testbed_tf2game already has something in it, leaving it alone
mvmbots-testbed_tf2game already has the game
[test-bed] starting the server on mvm_rottenburg
 Container mvmbots-testbed-srcds-1 Recreate 
 Container mvmbots-testbed-srcds-1 Recreated 
 Container mvmbots-testbed-srcds-1 Starting 
 Container mvmbots-testbed-srcds-1 Started 
[test-bed] waiting for the server to answer rcon (the first run downloads the game)
[test-bed] loading mission mvm_rottenburg_advanced1
[test-bed] waiting for the server to settle before restarting the round
[test-bed] watching for 2 wave results, giving up after 1500s
[test-bed] 0 of 2 waves finished
[test-bed] 0 of 2 waves finished
[test-bed] 0 of 2 waves finished
[test-bed] 0 of 2 waves finished
[test-bed] 0 of 2 waves finished
[test-bed] 0 of 2 waves finished
[test-bed] 0 of 2 waves finished
[test-bed] 1 of 2 waves finished
[test-bed] 1 of 2 waves finished
[test-bed] 1 of 2 waves finished
[test-bed] 1 of 2 waves finished
[test-bed] 1 of 2 waves finished
[test-bed] 1 of 2 waves finished
[test-bed] 1 of 2 waves finished
[test-bed] 1 of 2 waves finished
[test-bed] 1 of 2 waves finished
[test-bed] 1 of 2 waves finished
[test-bed] 1 of 2 waves finished
[test-bed] 1 of 2 waves finished
[test-bed] 1 of 2 waves finished
[test-bed] 1 of 2 waves finished
[test-bed] 1 of 2 waves finished
[test-bed] 1 of 2 waves finished
[test-bed] 1 of 2 waves finished
[test-bed] 1 of 2 waves finished
[test-bed] 2 of 2 waves finished
[test-bed] wrote results/ammo-off-1.jsonl

results/ammo-off-1.jsonl
  waves played      2
  cleared           0 (0%)
  robots killed     126, of them 4 giants
  defenders died    49
  sentries lost     5
  buildings took    932, engineer put back 0 (0%)
  damage dealt      36311
  of it, sentries   1008 (3%)
  damage to tanks   0
  healing done      4393, 1 ubers
  healing by class  scout 2881  medic 802  engineer 710
  scoreboard says   4642
  damage by class   heavy 15075  soldier 8754  demoman 6075  scout 4122  engineer 1784  medic 501
  kills by class    heavy 44  soldier 31  demoman 25  scout 14  engineer 10  medic 2
  giants by class   heavy 4
  killed us         soldier 30  scout 16  demoman 2  tank 1
  died to           explosion 31  other 17  fire 1
  demoman damage    pipes 4630, stickies 1445, bottle 0
  soldier damage    rockets 8754, everything else 0
  jars thrown       15
  projectiles       soldier 141 fired, 74 hit (52%);  demoman 121 fired, 53 hit (43%)
  hurt themselves   demoman 1686  soldier 232  engineer 32
  killed themselves nothing

  what the bots were doing (465 samples)
    Bob              demoman   DefenderAttack 66%, DefenderMoveToFront 22%, DefenderGotoUpgrade 4%
                               primary 78%/secondary 21%, hurt 21% of the time
    Cecil            heavy     DefenderAttack 44%, DefenderCampBomb 31%, DefenderMoveToFront 22%
                               primary 100%, hurt 15% of the time
    Elliot           scout     DefenderCollectMoney 46%, DefenderAttack 22%, DefenderMoveToFront 18%
                               primary 44%/secondary 52%/melee 2%, hurt 10% of the time
    Ernie            soldier   DefenderAttack 62%, DefenderMoveToFront 20%, DefenderCampBomb 8%
                               primary 96%/secondary 2%/melee 1%, hurt 24% of the time
    Eugene           engineer  DefenderUpgrade 35%, DefenderBuildSentrygun 27%, DefenderEngineerIdle 13%
                               primary 69%/secondary 2%/melee 7%, hurt 3% of the time
    Walt             medic     Heal 59%, DefenderMedicRevive 18%, DefenderMoveToFront 16%
                               beam on somebody 39% of the time, trigger held 68% (58% of that connected)
                               primary 25%/secondary 73%/melee 1%, hurt 15% of the time

  what the buildings were worth (180 samples)
    Eugene dispenser             level 3, saw a robot 32% of samples (1.2 at a time), 0.9 teammates in range
    Eugene sentry                level 3, saw a robot 30% of samples (1.3 at a time), 3.5 teammates in range
    Eugene teleporter entrance   level 3, saw a robot 6% of samples (0.1 at a time), 0.3 teammates in range
    Eugene teleporter exit       level 3, saw a robot 28% of samples (0.6 at a time), 0.1 teammates in range

  how close the buildings got to the spots mvm_rottenburg names
    Eugene dispenser              wave 1: 47
    Eugene sentry                 wave 1: 498!
    (median units from the nearest authored spot; ! is off it, !! is nowhere near it)

  how close the nearest robot was
    demoman   median 922, closest tenth under 266, point blank 0% of samples
    engineer  median 975, closest tenth under 539, point blank 1% of samples
    heavy     median 835, closest tenth under 337, point blank 1% of samples
    medic     median 1032, closest tenth under 240, point blank 6% of samples
    scout     median 721, closest tenth under 225, point blank 0% of samples
    soldier   median 730, closest tenth under 359, point blank 0% of samples

  where they stood while a wave was running
    Bob              demoman   stood still 1% of the time, longest 5s at 1445 -171 -462, 61045 units walked per wave
                               trigger held in 26% of samples, 85% of those into the world (aimed at world 83%, func_respawnroomvisualizer 11%, teammate 1%)
    Cecil            heavy     stood still 15% of the time, longest 20s at -857 1485 -171, 35963 units walked per wave
                               trigger held in 51% of samples, 38% of those into the world (aimed at world 57%, giant soldier 11%, soldier 9%)
    Elliot           scout     stood still 0% of the time, longest 0s, 67728 units walked per wave
                               trigger held in 36% of samples, 47% of those into the world (aimed at world 70%, soldier 6%, scout 6%)
    Ernie            soldier   stood still 1% of the time, longest 5s at -1253 1660 -158, 44914 units walked per wave
                               trigger held in 42% of samples, 83% of those into the world (aimed at world 85%, entity_medigun_shield 7%, teammate 3%)
    Eugene           engineer  stood still 56% of the time, longest 140s at -1497 431 -167, 37925 units walked per wave
                               asked to walk in 35% of samples, 9% of those with no path at all, 0% of those without moving
                               trigger held in 22% of samples, 42% of those into the world (aimed at teammate 34%, world 30%, func_respawnroomvisualizer 15%)
                               wrench out 3 samples, 0% of them stopped out of reach of his own buildings
    Walt             medic     stood still 18% of the time, longest 40s at -1421 1663 -148, 40902 units walked per wave
                               trigger held in 89% of samples, 26% of those into the world (aimed at world 33%, teammate 30%, entity_medigun_shield 18%)

  between waves
    Bob              demoman   no behaviour in 0% of samples, longest 0s, 10984 units walked
    Cecil            heavy     no behaviour in 0% of samples, longest 0s, 10786 units walked
    Elliot           scout     no behaviour in 0% of samples, longest 0s, 11967 units walked
    Ernie            soldier   no behaviour in 0% of samples, longest 0s, 11017 units walked
    Eugene           engineer  no behaviour in 11% of samples, longest 10s at -1416 1629 -158, 18119 units walked
    Walt             medic     no behaviour in 0% of samples, longest 0s, 10277 units walked

  how much one wave varies from the next
