[test-bed] found a Team Fortress 2 install in tf2-archipelago_tf2game
mvmbots-testbed_tf2game already has something in it, leaving it alone
mvmbots-testbed_tf2game already has the game
[test-bed] starting the server on mvm_bigrock
 Container mvmbots-testbed-srcds-1 Running 
[test-bed] waiting for the server to answer rcon (the first run downloads the game)
[test-bed] loading mission mvm_bigrock_advanced1
[test-bed] waiting for the server to settle before restarting the round
[test-bed] watching for 2 wave results, giving up after 1200s
[test-bed] 0 of 2 waves finished
[test-bed] 0 of 2 waves finished
[test-bed] 0 of 2 waves finished
[test-bed] 0 of 2 waves finished
[test-bed] 0 of 2 waves finished
[test-bed] 0 of 2 waves finished
[test-bed] 0 of 2 waves finished
[test-bed] 0 of 2 waves finished
[test-bed] 0 of 2 waves finished
[test-bed] 1 of 2 waves finished
[test-bed] 1 of 2 waves finished
[test-bed] 1 of 2 waves finished
[test-bed] 1 of 2 waves finished
[test-bed] 1 of 2 waves finished
[test-bed] 1 of 2 waves finished
[test-bed] 1 of 2 waves finished
[test-bed] 1 of 2 waves finished
[test-bed] 1 of 2 waves finished
[test-bed] 1 of 2 waves finished
[test-bed] 1 of 2 waves finished
[test-bed] 1 of 2 waves finished
[test-bed] 1 of 2 waves finished
[test-bed] 1 of 2 waves finished
[test-bed] 1 of 2 waves finished
[test-bed] 2 of 2 waves finished
[test-bed] wrote results/fgs-off-4.jsonl

results/fgs-off-4.jsonl
  waves played      2
  cleared           0 (0%)
  robots killed     81, of them 1 giants
  defenders died    67
  sentries lost     3
  buildings took    1052, engineer put back 81 (8%)
  damage dealt      30496
  of it, sentries   1792 (6%)
  damage to tanks   0
  healing done      3307, 0 ubers
  healing by class  scout 2906  engineer 230  medic 171
  scoreboard says   3952   (the event sum says 3307, which is a 645 gap)
  damage by class   soldier 9117  heavy 7116  demoman 5039  engineer 4100  scout 4056  medic 1068
  kills by class    soldier 27  heavy 17  demoman 14  engineer 11  scout 11  medic 1
  giants by class   heavy 1
  killed us         soldier 55  scout 4  sentry 4  spy 4
  died to           explosion 52  other 7  bullet 5  backstab 2  melee 1
  demoman damage    pipes 3926, stickies 1113, bottle 0
  soldier damage    rockets 9117, everything else 0
  jars thrown       14
  projectiles       soldier 124 fired, 73 hit (58%);  demoman 98 fired, 31 hit (31%)
  hurt themselves   demoman 1880  engineer 1151  soldier 883
  killed themselves soldier 1

  what the bots were doing (528 samples)
    Bob              demoman   DefenderAttack 55%, DefenderMoveToFront 37%, ScenarioMonitor 3%
                               primary 82%/secondary 17%, hurt 8% of the time
    Ulric            medic     Heal 44%, DefenderMoveToFront 36%, DefenderMedicRevive 11%
                               beam on somebody 27% of the time, trigger held 52% (52% of that connected)
                               primary 17%/secondary 82%, hurt 3% of the time
    Walt             scout     DefenderCollectMoney 39%, DefenderMoveToFront 34%, DefenderAttack 17%
                               primary 26%/secondary 73%, hurt 9% of the time
    Wesley           engineer  DefenderBuildSentrygun 51%, DefenderBuildTeleporter 22%, DefenderEngineerIdle 21%
                               primary 67%/secondary 2%/melee 3%, hurt 12% of the time
    Yanni            heavy     DefenderAttack 53%, DefenderMoveToFront 37%, ScenarioMonitor 3%
                               primary 100%, hurt 5% of the time
    Yogi             soldier   DefenderAttack 41%, DefenderMoveToFront 34%, DefenderCampBomb 19%
                               primary 98%/secondary 1%, hurt 16% of the time

  what the buildings were worth (118 samples)
    Wesley dispenser             level 3, saw a robot 8% of samples (0.3 at a time), 2.2 teammates in range
    Wesley sentry                level 3, saw a robot 10% of samples (0.3 at a time), 1.1 teammates in range
    Wesley teleporter entrance   level 3, saw a robot 3% of samples (0.1 at a time), 0.9 teammates in range
    Wesley teleporter exit       level 3, saw a robot 17% of samples (0.4 at a time), 0.3 teammates in range

  how close the buildings got to the spots mvm_bigrock names
    Wesley dispenser              wave 1: 71
    Wesley sentry                 wave 1: 15
    (median units from the nearest authored spot; ! is off it, !! is nowhere near it)

  how close the nearest robot was
    demoman   median 1277, closest tenth under 310, point blank 3% of samples
    engineer  median 999, closest tenth under 368, point blank 6% of samples
    heavy     median 1277, closest tenth under 406, point blank 0% of samples
    medic     median 1276, closest tenth under 302, point blank 1% of samples
    scout     median 723, closest tenth under 186, point blank 7% of samples
    soldier   median 1152, closest tenth under 333, point blank 3% of samples

  where they stood while a wave was running
    Bob              demoman   stood still 3% of the time, longest 5s at -714 4163 165, 67468 units walked per wave
                               trigger held in 31% of samples, 75% of those into the world (aimed at world 80%, scout 5%, giant soldier 3%)
    Ulric            medic     stood still 5% of the time, longest 5s at 31 2020 320, 59890 units walked per wave
                               trigger held in 88% of samples, 30% of those into the world (aimed at teammate 37%, world 33%, entity_medigun_shield 9%)
    Walt             scout     stood still 5% of the time, longest 5s at -1133 4125 130, 80965 units walked per wave
                               trigger held in 36% of samples, 71% of those into the world (aimed at world 65%, func_respawnroomvisualizer 10%, func_brush 8%)
    Wesley           engineer  stood still 6% of the time, longest 15s at -474 4198 209, 78378 units walked per wave
                               asked to walk in 92% of samples, 2% of those with no path at all, 4% of those without moving
                               trigger held in 44% of samples, 31% of those into the world (aimed at world 54%, scout 13%, own_sentrygun 5%)
                               wrench out 1 samples, 100% of them stopped out of reach of his own buildings
    Yanni            heavy     stood still 1% of the time, longest 5s at 526 3815 327, 62929 units walked per wave
                               trigger held in 37% of samples, 57% of those into the world (aimed at world 69%, func_brush 13%, teammate 3%)
    Yogi             soldier   stood still 8% of the time, longest 10s at -273 -2300 448, 72000 units walked per wave
                               trigger held in 33% of samples, 63% of those into the world (aimed at world 81%, giant soldier 6%, func_brush 3%)

  between waves
    Bob              demoman   no behaviour in 0% of samples, longest 0s, 35185 units walked
    Ulric            medic     no behaviour in 0% of samples, longest 0s, 33478 units walked
    Walt             scout     no behaviour in 0% of samples, longest 0s, 32268 units walked
    Wesley           engineer  no behaviour in 0% of samples, longest 0s, 44531 units walked
    Yanni            heavy     no behaviour in 0% of samples, longest 0s, 33020 units walked
    Yogi             soldier   no behaviour in 0% of samples, longest 0s, 32764 units walked

  how much one wave varies from the next
