[test-bed] found a Team Fortress 2 install in tf2-archipelago_tf2game
mvmbots-testbed_tf2game already has something in it, leaving it alone
mvmbots-testbed_tf2game already has the game
[test-bed] starting the server on mvm_bigrock
 Container mvmbots-testbed-srcds-1 Running 
[test-bed] waiting for the server to answer rcon (the first run downloads the game)
[test-bed] loading mission mvm_bigrock_advanced1
[test-bed] waiting for the server to settle before restarting the round
[test-bed] watching for 2 wave results, giving up after 1200s
[test-bed] 0 of 2 waves finished
[test-bed] 0 of 2 waves finished
[test-bed] 0 of 2 waves finished
[test-bed] 0 of 2 waves finished
[test-bed] 0 of 2 waves finished
[test-bed] 0 of 2 waves finished
[test-bed] 0 of 2 waves finished
[test-bed] 0 of 2 waves finished
[test-bed] 0 of 2 waves finished
[test-bed] 0 of 2 waves finished
[test-bed] 0 of 2 waves finished
[test-bed] 0 of 2 waves finished
[test-bed] 1 of 2 waves finished
[test-bed] 1 of 2 waves finished
[test-bed] 1 of 2 waves finished
[test-bed] 1 of 2 waves finished
[test-bed] 1 of 2 waves finished
[test-bed] 1 of 2 waves finished
[test-bed] 1 of 2 waves finished
[test-bed] 1 of 2 waves finished
[test-bed] 1 of 2 waves finished
[test-bed] 1 of 2 waves finished
[test-bed] 1 of 2 waves finished
[test-bed] 1 of 2 waves finished
[test-bed] 1 of 2 waves finished
[test-bed] 1 of 2 waves finished
[test-bed] 2 of 2 waves finished
[test-bed] wrote results/fgs-off-2.jsonl

results/fgs-off-2.jsonl
  waves played      2
  cleared           0 (0%)
  robots killed     81, of them 2 giants
  defenders died    77
  sentries lost     2
  buildings took    1255, engineer put back 249 (20%)
  damage dealt      26733
  of it, sentries   2656 (10%)
  damage to tanks   0
  healing done      2654, 1 ubers
  healing by class  scout 2013  medic 420  engineer 221
  scoreboard says   4485   (the event sum says 2654, which is a 1831 gap)
  damage by class   soldier 7884  engineer 5248  heavy 4759  demoman 3977  scout 3720  medic 1145
  kills by class    engineer 24  heavy 24  soldier 13  demoman 9  scout 7  medic 2
  giants by class   heavy 1  soldier 1
  killed us         soldier 54  sentry 7  spy 7  scout 5  sniper 3  heavy 1
  died to           explosion 54  bullet 12  backstab 5  melee 5  other 1
  demoman damage    pipes 3529, stickies 448, bottle 0
  soldier damage    rockets 7884, everything else 0
  jars thrown       15
  projectiles       soldier 109 fired, 60 hit (55%);  demoman 91 fired, 15 hit (16%)
  hurt themselves   demoman 543  soldier 536  engineer 51
  killed themselves nothing

  what the bots were doing (553 samples)
    Bob              demoman   DefenderAttack 58%, DefenderMoveToFront 34%, DefenderGotoUpgrade 4%
                               primary 87%/secondary 12%, hurt 6% of the time
    Ulric            medic     Heal 42%, DefenderMoveToFront 32%, DefenderMedicRevive 11%
                               beam on somebody 34% of the time, trigger held 55% (62% of that connected)
                               primary 10%/secondary 87%/melee 2%, hurt 9% of the time
    Walt             scout     DefenderMoveToFront 32%, DefenderCollectMoney 30%, DefenderAttack 25%
                               primary 33%/secondary 66%, hurt 9% of the time
    Wesley           engineer  DefenderBuildSentrygun 63%, DefenderBuildTeleporter 17%, DefenderEngineerIdle 13%
                               primary 64%/secondary 1%/melee 5%, hurt 8% of the time
    Yanni            heavy     DefenderAttack 51%, DefenderMoveToFront 34%, DefenderCampBomb 10%
                               primary 100%, hurt 3% of the time
    Yogi             soldier   DefenderAttack 46%, DefenderMoveToFront 34%, DefenderCampBomb 11%
                               primary 97%/secondary 2%, hurt 13% of the time

  what the buildings were worth (107 samples)
    Wesley dispenser             level 3, saw a robot 10% of samples (0.2 at a time), 3.0 teammates in range
    Wesley sentry                level 3, saw a robot 12% of samples (0.6 at a time), 1.0 teammates in range
    Wesley teleporter entrance   level 3, saw a robot 7% of samples (0.1 at a time), 0.7 teammates in range
    Wesley teleporter exit       level 3, saw a robot 5% of samples (0.1 at a time), 0.3 teammates in range

  how close the buildings got to the spots mvm_bigrock names
    Wesley dispenser              wave 1: 52
    Wesley sentry                 wave 1: 18
    (median units from the nearest authored spot; ! is off it, !! is nowhere near it)

  how close the nearest robot was
    demoman   median 1307, closest tenth under 329, point blank 0% of samples
    engineer  median 1154, closest tenth under 368, point blank 0% of samples
    heavy     median 1372, closest tenth under 333, point blank 3% of samples
    medic     median 1334, closest tenth under 219, point blank 6% of samples
    scout     median 1089, closest tenth under 314, point blank 6% of samples
    soldier   median 980, closest tenth under 220, point blank 1% of samples

  where they stood while a wave was running
    Bob              demoman   stood still 3% of the time, longest 5s at -1044 3830 180, 93663 units walked per wave
                               trigger held in 18% of samples, 60% of those into the world (aimed at world 80%, func_respawnroomvisualizer 5%, func_brush 3%)
    Ulric            medic     stood still 14% of the time, longest 5s at 143 -604 384, 59817 units walked per wave
                               trigger held in 86% of samples, 30% of those into the world (aimed at teammate 43%, world 37%, entity_medigun_shield 9%)
    Walt             scout     stood still 6% of the time, longest 10s at -1080 4181 133, 102645 units walked per wave
                               trigger held in 24% of samples, 46% of those into the world (aimed at world 77%, giant soldier 6%, func_brush 4%)
    Wesley           engineer  stood still 5% of the time, longest 15s at -475 4285 212, 90006 units walked per wave
                               asked to walk in 92% of samples, 3% of those with no path at all, 3% of those without moving
                               trigger held in 29% of samples, 35% of those into the world (aimed at world 72%, own_sentrygun 5%, giant soldier 5%)
                               wrench out 2 samples, 0% of them stopped out of reach of his own buildings
    Yanni            heavy     stood still 13% of the time, longest 35s at -196 -2064 458, 69733 units walked per wave
                               trigger held in 28% of samples, 47% of those into the world (aimed at world 65%, entity_medigun_shield 8%, func_brush 8%)
    Yogi             soldier   stood still 10% of the time, longest 5s at -1585 4440 69, 71856 units walked per wave
                               trigger held in 25% of samples, 57% of those into the world (aimed at world 66%, teammate 7%, func_respawnroomvisualizer 7%)

  between waves
    Bob              demoman   no behaviour in 0% of samples, longest 0s, 31483 units walked
    Ulric            medic     no behaviour in 0% of samples, longest 0s, 31335 units walked
    Walt             scout     no behaviour in 0% of samples, longest 0s, 31166 units walked
    Wesley           engineer  no behaviour in 0% of samples, longest 0s, 34164 units walked
    Yanni            heavy     no behaviour in 0% of samples, longest 0s, 32720 units walked
    Yogi             soldier   no behaviour in 0% of samples, longest 0s, 32117 units walked

  how much one wave varies from the next
