[test-bed] found a Team Fortress 2 install in tf2-archipelago_tf2game
mvmbots-testbed_tf2game already has something in it, leaving it alone
mvmbots-testbed_tf2game already has the game
[test-bed] starting the server on mvm_bigrock
 Container mvmbots-testbed-srcds-1 Recreate 
 Container mvmbots-testbed-srcds-1 Recreated 
 Container mvmbots-testbed-srcds-1 Starting 
 Container mvmbots-testbed-srcds-1 Started 
[test-bed] waiting for the server to answer rcon (the first run downloads the game)
[test-bed] loading mission mvm_bigrock_advanced1
[test-bed] waiting for the server to settle before restarting the round
[test-bed] watching for 2 wave results, giving up after 1200s
[test-bed] 0 of 2 waves finished
[test-bed] 0 of 2 waves finished
[test-bed] 0 of 2 waves finished
[test-bed] 0 of 2 waves finished
[test-bed] 0 of 2 waves finished
[test-bed] 0 of 2 waves finished
[test-bed] 0 of 2 waves finished
[test-bed] 0 of 2 waves finished
[test-bed] 0 of 2 waves finished
[test-bed] 0 of 2 waves finished
[test-bed] 0 of 2 waves finished
[test-bed] 0 of 2 waves finished
[test-bed] 0 of 2 waves finished
[test-bed] 0 of 2 waves finished
[test-bed] 0 of 2 waves finished
[test-bed] 0 of 2 waves finished
[test-bed] 0 of 2 waves finished
[test-bed] 0 of 2 waves finished
[test-bed] 0 of 2 waves finished
[test-bed] 0 of 2 waves finished
[test-bed] 1 of 2 waves finished
[test-bed] 1 of 2 waves finished
[test-bed] 1 of 2 waves finished
[test-bed] 1 of 2 waves finished
[test-bed] 1 of 2 waves finished
[test-bed] 1 of 2 waves finished
[test-bed] 1 of 2 waves finished
[test-bed] 1 of 2 waves finished
[test-bed] 1 of 2 waves finished
[test-bed] 1 of 2 waves finished
[test-bed] 1 of 2 waves finished
[test-bed] 1 of 2 waves finished
[test-bed] 1 of 2 waves finished
[test-bed] 1 of 2 waves finished
[test-bed] 2 of 2 waves finished
[test-bed] wrote results/fgs-off-1.jsonl

results/fgs-off-1.jsonl
  waves played      2
  cleared           0 (0%)
  robots killed     63, of them 5 giants
  defenders died    71
  sentries lost     2
  buildings took    980, engineer put back 114 (12%)
  damage dealt      36056
  of it, sentries   3440 (10%)
  damage to tanks   0
  healing done      4346, 1 ubers
  healing by class  scout 2934  medic 887  engineer 525
  scoreboard says   4947   (the event sum says 4346, which is a 601 gap)
  damage by class   heavy 10834  soldier 7548  engineer 5846  scout 5322  demoman 4787  medic 1719
  kills by class    heavy 20  demoman 12  soldier 9  engineer 8  scout 8  medic 6
  giants by class   heavy 4  soldier 1
  killed us         soldier 56  sentry 6  spy 4  medic 2  sniper 2  scout 1
  died to           explosion 56  bullet 8  other 3  backstab 2  melee 2
  demoman damage    pipes 4509, stickies 278, bottle 0
  soldier damage    rockets 7548, everything else 0
  jars thrown       16
  projectiles       soldier 130 fired, 71 hit (54%);  demoman 132 fired, 26 hit (19%)
  hurt themselves   medic 3300  demoman 689  soldier 377
  killed themselves medic 2

  what the bots were doing (636 samples)
    Bob              demoman   DefenderAttack 73%, DefenderMoveToFront 10%, ScenarioMonitor 9%
                               primary 77%/secondary 22%, hurt 22% of the time
    Ulric            medic     Heal 68%, DefenderSpyCheck 10%, DefenderMoveToFront 10%
                               beam on somebody 38% of the time, trigger held 58% (67% of that connected)
                               primary 26%/secondary 71%/melee 1%, hurt 20% of the time
    Walt             scout     DefenderAttack 40%, DefenderCollectMoney 25%, ScenarioMonitor 18%
                               primary 46%/secondary 53%, hurt 10% of the time
    Wesley           engineer  DefenderBuildSentrygun 55%, DefenderEngineerIdle 24%, DefenderBuildTeleporter 8%
                               primary 71%/secondary 0%/melee 10%, hurt 1% of the time
    Yanni            heavy     DefenderAttack 62%, DefenderCampBomb 15%, DefenderMoveToFront 10%
                               primary 100%, hurt 12% of the time
    Yogi             soldier   DefenderAttack 62%, DefenderCampBomb 12%, DefenderMoveToFront 10%
                               primary 97%/secondary 2%, hurt 14% of the time

  what the buildings were worth (117 samples)
    Wesley dispenser             level 3, saw a robot 9% of samples (0.2 at a time), 2.3 teammates in range
    Wesley sentry                level 3, saw a robot 7% of samples (0.2 at a time), 1.2 teammates in range
    Wesley teleporter entrance   level 3, saw a robot 8% of samples (0.1 at a time), 0.7 teammates in range

  how close the buildings got to the spots mvm_bigrock names
    Wesley dispenser              wave 1: 97
    Wesley sentry                 wave 1: 18
    (median units from the nearest authored spot; ! is off it, !! is nowhere near it)

  how close the nearest robot was
    demoman   median 1291, closest tenth under 361, point blank 0% of samples
    engineer  median 1316, closest tenth under 418, point blank 2% of samples
    heavy     median 1124, closest tenth under 464, point blank 1% of samples
    medic     median 1334, closest tenth under 325, point blank 6% of samples
    scout     median 986, closest tenth under 256, point blank 6% of samples
    soldier   median 1324, closest tenth under 421, point blank 1% of samples

  where they stood while a wave was running
    Bob              demoman   stood still 18% of the time, longest 45s at -848 3874 155, 95317 units walked per wave
                               trigger held in 18% of samples, 70% of those into the world (aimed at world 75%, func_respawnroomvisualizer 5%, dispenser 4%)
    Ulric            medic     stood still 13% of the time, longest 25s at -1220 4076 131, 91001 units walked per wave
                               trigger held in 67% of samples, 31% of those into the world (aimed at world 44%, teammate 33%, entity_medigun_shield 7%)
    Walt             scout     stood still 23% of the time, longest 45s at -1180 3874 172, 92808 units walked per wave
                               trigger held in 23% of samples, 45% of those into the world (aimed at world 66%, func_respawnroomvisualizer 10%, giant soldier 7%)
    Wesley           engineer  stood still 21% of the time, longest 30s at -468 4299 198, 113916 units walked per wave
                               asked to walk in 92% of samples, 8% of those with no path at all, 18% of those without moving
                               trigger held in 15% of samples, 21% of those into the world (aimed at world 73%, func_brush 6%, func_respawnroomvisualizer 5%)
                               wrench out 10 samples, 10% of them stopped out of reach of his own buildings
    Yanni            heavy     stood still 20% of the time, longest 45s at -1124 4192 131, 72477 units walked per wave
                               trigger held in 31% of samples, 50% of those into the world (aimed at world 68%, entity_medigun_shield 6%, giant soldier 5%)
    Yogi             soldier   stood still 18% of the time, longest 45s at -1025 3872 165, 90318 units walked per wave
                               trigger held in 16% of samples, 66% of those into the world (aimed at world 83%, entity_medigun_shield 3%, func_brush 3%)

  between waves
    Bob              demoman   no behaviour in 0% of samples, longest 0s, 16762 units walked
    Ulric            medic     no behaviour in 0% of samples, longest 0s, 16036 units walked
    Walt             scout     no behaviour in 0% of samples, longest 0s, 16138 units walked
    Wesley           engineer  no behaviour in 0% of samples, longest 0s, 18377 units walked
    Yanni            heavy     no behaviour in 0% of samples, longest 0s, 16084 units walked
    Yogi             soldier   no behaviour in 0% of samples, longest 0s, 16163 units walked

  how much one wave varies from the next
