[test-bed] found a Team Fortress 2 install in tf2-archipelago_tf2game
mvmbots-testbed_tf2game already has something in it, leaving it alone
mvmbots-testbed_tf2game already has the game
[test-bed] starting the server on mvm_bigrock
 Container mvmbots-testbed-srcds-1 Running 
[test-bed] waiting for the server to answer rcon (the first run downloads the game)
[test-bed] loading mission mvm_bigrock_advanced1
[test-bed] waiting for the server to settle before restarting the round
[test-bed] watching for 2 wave results, giving up after 1200s
[test-bed] 0 of 2 waves finished
[test-bed] 0 of 2 waves finished
[test-bed] 0 of 2 waves finished
[test-bed] 0 of 2 waves finished
[test-bed] 0 of 2 waves finished
[test-bed] 0 of 2 waves finished
[test-bed] 0 of 2 waves finished
[test-bed] 0 of 2 waves finished
[test-bed] 0 of 2 waves finished
[test-bed] 1 of 2 waves finished
[test-bed] 1 of 2 waves finished
[test-bed] 1 of 2 waves finished
[test-bed] 1 of 2 waves finished
[test-bed] 1 of 2 waves finished
[test-bed] 1 of 2 waves finished
[test-bed] 1 of 2 waves finished
[test-bed] 1 of 2 waves finished
[test-bed] 1 of 2 waves finished
[test-bed] 1 of 2 waves finished
[test-bed] 1 of 2 waves finished
[test-bed] 1 of 2 waves finished
[test-bed] 1 of 2 waves finished
[test-bed] 2 of 2 waves finished
[test-bed] wrote results/fgs-on-3.jsonl

results/fgs-on-3.jsonl
  waves played      2
  cleared           0 (0%)
  robots killed     76, of them 2 giants
  defenders died    44
  sentries lost     3
  buildings took    629, engineer put back 0 (0%)
  damage dealt      26370
  of it, sentries   2704 (10%)
  damage to tanks   0
  healing done      1155, 0 ubers
  healing by class  scout 748  medic 276  engineer 131
  scoreboard says   3201   (the event sum says 1155, which is a 2046 gap)
  damage by class   heavy 8731  soldier 5646  engineer 4668  demoman 2817  medic 2468  scout 2040
  kills by class    heavy 21  engineer 19  soldier 16  scout 11  demoman 5  medic 4
  giants by class   engineer 1  heavy 1
  killed us         soldier 38  sentry 2  spy 2  pyro 1  sniper 1
  died to           explosion 38  backstab 2  bullet 2  fire 1  other 1
  demoman damage    pipes 2656, stickies 161, bottle 0
  soldier damage    rockets 5646, everything else 0
  jars thrown       8
  projectiles       soldier 68 fired, 40 hit (58%);  demoman 47 fired, 14 hit (29%)
  hurt themselves   demoman 266  soldier 180
  killed themselves nothing

  what the bots were doing (503 samples)
    Bob              demoman   DefenderAttack 50%, DefenderMoveToFront 41%, DefenderGotoUpgrade 4%
                               primary 85%/secondary 14%, hurt 8% of the time
    Ulric            medic     Heal 47%, DefenderMoveToFront 41%, DefenderMedicRevive 5%
                               beam on somebody 36% of the time, trigger held 49% (74% of that connected)
                               primary 8%/secondary 90%/melee 1%, hurt 4% of the time
    Walt             scout     DefenderMoveToFront 39%, DefenderCollectMoney 33%, DefenderAttack 17%
                               primary 31%/secondary 68%, hurt 4% of the time
    Wesley           engineer  DefenderBuildSentrygun 44%, DefenderBuildTeleporter 37%, DefenderEngineerIdle 16%
                               primary 55%/secondary 1%/melee 13%, hurt 2% of the time
    Yanni            heavy     DefenderAttack 44%, DefenderMoveToFront 40%, DefenderCampBomb 8%
                               primary 100%, hurt 4% of the time
    Yogi             soldier   DefenderAttack 47%, DefenderMoveToFront 42%, DefenderCampBomb 4%
                               primary 98%/secondary 1%, hurt 8% of the time

  what the buildings were worth (141 samples)
    Wesley dispenser             level 3, saw a robot 9% of samples (0.2 at a time), 1.7 teammates in range
    Wesley sentry                level 3, saw a robot 11% of samples (0.5 at a time), 0.8 teammates in range
    Wesley teleporter entrance   level 3, saw a robot 8% of samples (0.1 at a time), 0.6 teammates in range

  how close the buildings got to the spots mvm_bigrock names
    Wesley dispenser              wave 1: 75
    Wesley sentry                 wave 1: 15
    (median units from the nearest authored spot; ! is off it, !! is nowhere near it)

  how close the nearest robot was
    demoman   median 1308, closest tenth under 257, point blank 2% of samples
    engineer  median 1203, closest tenth under 529, point blank 4% of samples
    heavy     median 1152, closest tenth under 77, point blank 12% of samples
    medic     median 884, closest tenth under 214, point blank 6% of samples
    scout     median 1248, closest tenth under 299, point blank 2% of samples
    soldier   median 1060, closest tenth under 300, point blank 2% of samples

  where they stood while a wave was running
    Bob              demoman   stood still 0% of the time, longest 0s, 74774 units walked per wave
                               trigger held in 21% of samples, 80% of those into the world (aimed at world 85%, func_respawnroomvisualizer 4%, teammate 4%)
    Ulric            medic     stood still 6% of the time, longest 5s at -1690 4612 67, 60898 units walked per wave
                               trigger held in 89% of samples, 16% of those into the world (aimed at teammate 45%, world 22%, entity_medigun_shield 16%)
    Walt             scout     stood still 2% of the time, longest 5s at -1003 3693 212, 77273 units walked per wave
                               trigger held in 25% of samples, 50% of those into the world (aimed at world 73%, teammate 6%, scout 6%)
    Wesley           engineer  stood still 6% of the time, longest 15s at -434 4217 199, 73686 units walked per wave
                               asked to walk in 95% of samples, 0% of those with no path at all, 4% of those without moving
                               trigger held in 23% of samples, 40% of those into the world (aimed at world 72%, teammate 6%, own_sentrygun 4%)
                               wrench out 1 samples, 0% of them stopped out of reach of his own buildings
    Yanni            heavy     stood still 12% of the time, longest 10s at -85 -1902 455, 59401 units walked per wave
                               trigger held in 31% of samples, 26% of those into the world (aimed at world 56%, entity_medigun_shield 16%, func_brush 8%)
    Yogi             soldier   stood still 4% of the time, longest 5s at -1048 3831 181, 68894 units walked per wave
                               trigger held in 15% of samples, 42% of those into the world (aimed at world 80%, func_respawnroomvisualizer 6%, giant soldier 4%)

  between waves
    Bob              demoman   no behaviour in 0% of samples, longest 0s, 34280 units walked
    Ulric            medic     no behaviour in 0% of samples, longest 0s, 35151 units walked
    Walt             scout     no behaviour in 0% of samples, longest 0s, 36285 units walked
    Wesley           engineer  no behaviour in 0% of samples, longest 0s, 55358 units walked
    Yanni            heavy     no behaviour in 0% of samples, longest 0s, 34275 units walked
    Yogi             soldier   no behaviour in 0% of samples, longest 0s, 35466 units walked

  how much one wave varies from the next
