[test-bed] found a Team Fortress 2 install in tf2-archipelago_tf2game
mvmbots-testbed_tf2game already has something in it, leaving it alone
mvmbots-testbed_tf2game already has the game
[test-bed] starting the server on mvm_bigrock
 Container mvmbots-testbed-srcds-1 Running 
[test-bed] waiting for the server to answer rcon (the first run downloads the game)
[test-bed] loading mission mvm_bigrock_advanced1
[test-bed] waiting for the server to settle before restarting the round
[test-bed] watching for 2 wave results, giving up after 1200s
[test-bed] 0 of 2 waves finished
[test-bed] 0 of 2 waves finished
[test-bed] 0 of 2 waves finished
[test-bed] 0 of 2 waves finished
[test-bed] 0 of 2 waves finished
[test-bed] 0 of 2 waves finished
[test-bed] 0 of 2 waves finished
[test-bed] 1 of 2 waves finished
[test-bed] 1 of 2 waves finished
[test-bed] 1 of 2 waves finished
[test-bed] 1 of 2 waves finished
[test-bed] 1 of 2 waves finished
[test-bed] 1 of 2 waves finished
[test-bed] 1 of 2 waves finished
[test-bed] 1 of 2 waves finished
[test-bed] 1 of 2 waves finished
[test-bed] 1 of 2 waves finished
[test-bed] 1 of 2 waves finished
[test-bed] 1 of 2 waves finished
[test-bed] 1 of 2 waves finished
[test-bed] 1 of 2 waves finished
[test-bed] 1 of 2 waves finished
[test-bed] 2 of 2 waves finished
[test-bed] wrote results/fgs-off-3.jsonl

results/fgs-off-3.jsonl
  waves played      2
  cleared           0 (0%)
  robots killed     76, of them 1 giants
  defenders died    58
  sentries lost     4
  buildings took    951, engineer put back 0 (0%)
  damage dealt      34483
  of it, sentries   1904 (6%)
  damage to tanks   0
  healing done      1326, 0 ubers
  healing by class  scout 984  medic 186  engineer 156
  scoreboard says   3155   (the event sum says 1326, which is a 1829 gap)
  damage by class   demoman 10163  heavy 6306  scout 6184  soldier 5092  engineer 4427  medic 2311
  kills by class    demoman 23  scout 16  engineer 14  heavy 12  soldier 8  medic 3
  giants by class   heavy 1
  killed us         soldier 39  scout 7  pyro 4  sentry 4  spy 3  heavy 1
  died to           explosion 36  bullet 5  melee 5  other 5  fire 4  backstab 3
  demoman damage    pipes 9870, stickies 293, bottle 0
  soldier damage    rockets 5092, everything else 0
  jars thrown       13
  projectiles       soldier 60 fired, 30 hit (50%);  demoman 99 fired, 38 hit (38%)
  hurt themselves   soldier 1451  demoman 995
  killed themselves soldier 1

  what the bots were doing (490 samples)
    Bob              demoman   DefenderAttack 53%, DefenderMoveToFront 36%, ScenarioMonitor 4%
                               primary 91%/secondary 8%, hurt 13% of the time
    Ulric            medic     Heal 43%, DefenderMoveToFront 36%, DefenderSpyCheck 6%
                               beam on somebody 25% of the time, trigger held 40% (64% of that connected)
                               primary 15%/secondary 81%/melee 2%, hurt 8% of the time
    Walt             scout     DefenderCollectMoney 42%, DefenderMoveToFront 34%, DefenderAttack 15%
                               primary 32%/secondary 65%/melee 1%, hurt 10% of the time
    Wesley           engineer  DefenderBuildSentrygun 45%, DefenderBuildTeleporter 25%, DefenderEngineerIdle 20%
                               primary 67%/secondary 1%/melee 5%, hurt 6% of the time
    Yanni            heavy     DefenderAttack 39%, DefenderMoveToFront 38%, DefenderCampBomb 18%
                               primary 100%, hurt 6% of the time
    Yogi             soldier   DefenderAttack 52%, DefenderMoveToFront 38%, DefenderGotoUpgrade 3%
                               primary 100%, hurt 3% of the time

  what the buildings were worth (165 samples)
    Wesley dispenser             level 3, saw a robot 10% of samples (0.3 at a time), 2.3 teammates in range
    Wesley sentry                level 3, saw a robot 13% of samples (0.4 at a time), 0.8 teammates in range
    Wesley teleporter entrance   level 3, saw a robot 8% of samples (0.1 at a time), 0.7 teammates in range
    Wesley teleporter exit       level 3, saw a robot 22% of samples (0.6 at a time), 0.3 teammates in range

  how close the buildings got to the spots mvm_bigrock names
    Wesley dispenser              wave 1: 69
    Wesley sentry                 wave 1: 14
    (median units from the nearest authored spot; ! is off it, !! is nowhere near it)

  how close the nearest robot was
    demoman   median 1023, closest tenth under 120, point blank 10% of samples
    engineer  median 1460, closest tenth under 253, point blank 6% of samples
    heavy     median 1155, closest tenth under 170, point blank 6% of samples
    medic     median 1267, closest tenth under 243, point blank 6% of samples
    scout     median 844, closest tenth under 252, point blank 7% of samples
    soldier   median 1267, closest tenth under 377, point blank 4% of samples

  where they stood while a wave was running
    Bob              demoman   stood still 4% of the time, longest 5s at -1064 3881 163, 69829 units walked per wave
                               trigger held in 25% of samples, 66% of those into the world (aimed at world 79%, teammate 6%, scout 4%)
    Ulric            medic     stood still 20% of the time, longest 30s at -199 -1997 458, 67887 units walked per wave
                               trigger held in 68% of samples, 21% of those into the world (aimed at teammate 38%, world 38%, entity_medigun_shield 6%)
    Walt             scout     stood still 3% of the time, longest 5s at -914 4261 135, 93371 units walked per wave
                               trigger held in 37% of samples, 80% of those into the world (aimed at world 83%, scout 3%, func_brush 3%)
    Wesley           engineer  stood still 8% of the time, longest 20s at -474 4157 190, 82562 units walked per wave
                               asked to walk in 88% of samples, 5% of those with no path at all, 7% of those without moving
                               trigger held in 35% of samples, 43% of those into the world (aimed at world 80%, scout 4%, own_sentrygun 4%)
    Yanni            heavy     stood still 23% of the time, longest 45s at 903 -1883 527, 64857 units walked per wave
                               trigger held in 31% of samples, 46% of those into the world (aimed at world 68%, entity_medigun_shield 10%, func_brush 8%)
    Yogi             soldier   stood still 6% of the time, longest 5s at -1121 4017 136, 66206 units walked per wave
                               trigger held in 11% of samples, 20% of those into the world (aimed at world 77%, func_brush 6%, teammate 4%)

  between waves
    Bob              demoman   no behaviour in 0% of samples, longest 0s, 31847 units walked
    Ulric            medic     no behaviour in 6% of samples, longest 5s at 935 -2632 512, 33116 units walked
    Walt             scout     no behaviour in 0% of samples, longest 0s, 32523 units walked
    Wesley           engineer  no behaviour in 0% of samples, longest 0s, 50329 units walked
    Yanni            heavy     no behaviour in 0% of samples, longest 0s, 32492 units walked
    Yogi             soldier   no behaviour in 0% of samples, longest 0s, 33483 units walked

  how much one wave varies from the next
