[test-bed] found a Team Fortress 2 install in tf2-archipelago_tf2game
mvmbots-testbed_tf2game already has something in it, leaving it alone
mvmbots-testbed_tf2game already has the game
[test-bed] starting the server on mvm_mannworks
 Container mvmbots-testbed-srcds-1 Running 
[test-bed] waiting for the server to answer rcon (the first run downloads the game)
[test-bed] loading mission mvm_mannworks_intermediate2
[test-bed] waiting for the server to settle before restarting the round
[test-bed] watching for 2 wave results, giving up after 1500s
[test-bed] 1 of 2 waves finished
[test-bed] 1 of 2 waves finished
[test-bed] 1 of 2 waves finished
[test-bed] 1 of 2 waves finished
[test-bed] 1 of 2 waves finished
[test-bed] 1 of 2 waves finished
[test-bed] 1 of 2 waves finished
[test-bed] 1 of 2 waves finished
[test-bed] 1 of 2 waves finished
[test-bed] 1 of 2 waves finished
[test-bed] 1 of 2 waves finished
[test-bed] 1 of 2 waves finished
[test-bed] 1 of 2 waves finished
[test-bed] 1 of 2 waves finished
[test-bed] 1 of 2 waves finished
[test-bed] 1 of 2 waves finished
[test-bed] 1 of 2 waves finished
[test-bed] 1 of 2 waves finished
[test-bed] 1 of 2 waves finished
[test-bed] 1 of 2 waves finished
[test-bed] 1 of 2 waves finished
[test-bed] 1 of 2 waves finished
[test-bed] 1 of 2 waves finished
[test-bed] 1 of 2 waves finished
[test-bed] 1 of 2 waves finished
[test-bed] 1 of 2 waves finished
[test-bed] 1 of 2 waves finished
[test-bed] 1 of 2 waves finished
[test-bed] 1 of 2 waves finished
[test-bed] 1 of 2 waves finished
[test-bed] 1 of 2 waves finished
[test-bed] 1 of 2 waves finished
[test-bed] 1 of 2 waves finished
[test-bed] 1 of 2 waves finished
[test-bed] 1 of 2 waves finished
[test-bed] 1 of 2 waves finished
[test-bed] 1 of 2 waves finished
[test-bed] 1 of 2 waves finished
[test-bed] 1 of 2 waves finished
[test-bed] 1 of 2 waves finished
[test-bed] 1 of 2 waves finished
[test-bed] 1 of 2 waves finished
[test-bed] 1 of 2 waves finished
[test-bed] 1 of 2 waves finished
[test-bed] 1 of 2 waves finished
[test-bed] 1 of 2 waves finished
[test-bed] 1 of 2 waves finished
[test-bed] 1 of 2 waves finished
[test-bed] 1 of 2 waves finished
[test-bed] 1 of 2 waves finished
[test-bed] 1 of 2 waves finished
[test-bed] 1 of 2 waves finished
[test-bed] 1 of 2 waves finished
[test-bed] 1 of 2 waves finished
[test-bed] 1 of 2 waves finished
[test-bed] 1 of 2 waves finished
[test-bed] 1 of 2 waves finished
[test-bed] 1 of 2 waves finished
[test-bed] 1 of 2 waves finished
[test-bed] 1 of 2 waves finished
[test-bed] 1 of 2 waves finished
[test-bed] 1 of 2 waves finished
[test-bed] 1 of 2 waves finished
[test-bed] 1 of 2 waves finished
[test-bed] 1 of 2 waves finished
[test-bed] 1 of 2 waves finished
[test-bed] 1 of 2 waves finished
[test-bed] 1 of 2 waves finished
[test-bed] 1 of 2 waves finished
[test-bed] 1 of 2 waves finished
[test-bed] 1 of 2 waves finished
[test-bed] 1 of 2 waves finished
[test-bed] 1 of 2 waves finished
[test-bed] 1 of 2 waves finished
[test-bed] timed out with 1 of 2 results
[test-bed] wrote results/mannhunt-2.jsonl

results/mannhunt-2.jsonl
  waves played      1
  cleared           0 (0%)
  robots killed     0, of them 0 giants
  defenders died    0
  sentries lost     0
  (no contribution numbers in this file)

  what the bots were doing (1830 samples)
    Bob              demoman   ScenarioMonitor 48%, DefenderAttack 47%, DefenderMoveToFront 3%
                               primary 100%, hurt 0% of the time
    Ulric            medic     Heal 95%, DefenderMoveToFront 3%, DefenderUpgrade 0%
                               beam on somebody 62% of the time, trigger held 91% (69% of that connected)
                               secondary 100%, hurt 0% of the time
    Walt             scout     ScenarioMonitor 96%, DefenderMoveToFront 3%
                               secondary 100%, hurt 0% of the time
    Wesley           engineer  DefenderBuildDispenser 90%, ScenarioMonitor 3%, DefenderBuildSentrygun 2%
                               primary 0%/melee 20%, hurt 0% of the time
    Yanni            heavy     ScenarioMonitor 55%, DefenderAttack 40%, DefenderMoveToFront 3%
                               primary 100%, hurt 0% of the time
    Yogi             soldier   ScenarioMonitor 54%, DefenderAttack 40%, DefenderMoveToFront 3%
                               primary 100%, hurt 0% of the time

  what the buildings were worth (287 samples)
    Wesley sentry                level 3, saw a robot 0% of samples (0.0 at a time), 0.5 teammates in range

  how close the buildings got to the spots mvm_mannworks names
    Wesley sentry                 wave 1: 160
    (median units from the nearest authored spot; ! is off it, !! is nowhere near it)

  where they stood while a wave was running
    Bob              demoman   stood still 100% of the time, longest 1455s at -10 1493 213, 102 units walked per wave
    Ulric            medic     stood still 92% of the time, longest 700s at 307 1113 264, 4857 units walked per wave
                               trigger held in 95% of samples, 43% of those into the world (aimed at teammate 58%, world 41%)
    Walt             scout     stood still 99% of the time, longest 730s at 112 1631 193, 218 units walked per wave
    Wesley           engineer  stood still 70% of the time, longest 30s at 993 453 257, 19796 units walked per wave
                               asked to walk in 10% of samples, 3% of those with no path at all, 29% of those without moving
                               trigger held in 28% of samples, 96% of those into the world (aimed at world 98%, own_sentrygun 1%)
                               wrench out 62 samples, 67% of them stopped out of reach of his own buildings
    Yanni            heavy     stood still 92% of the time, longest 700s at 356 1018 160, 5152 units walked per wave
    Yogi             soldier   stood still 99% of the time, longest 730s at 264 1627 190, 134 units walked per wave

  between waves
    Bob              demoman   no behaviour in 0% of samples, longest 0s, 4597 units walked
    Ulric            medic     no behaviour in 0% of samples, longest 0s, 4859 units walked
    Walt             scout     no behaviour in 7% of samples, longest 5s at -643 -2625 384, 4948 units walked
    Wesley           engineer  no behaviour in 76% of samples, longest 50s at 1014 885 274, 3888 units walked
    Yanni            heavy     no behaviour in 0% of samples, longest 0s, 4615 units walked
    Yogi             soldier   no behaviour in 0% of samples, longest 0s, 4652 units walked

  how much one wave varies from the next
