[test-bed] found a Team Fortress 2 install in tf2-archipelago_tf2game
mvmbots-testbed_tf2game already has something in it, leaving it alone
mvmbots-testbed_tf2game already has the game
[test-bed] starting the server on mvm_mannworks
 Container mvmbots-testbed-srcds-1 Running 
[test-bed] waiting for the server to answer rcon (the first run downloads the game)
[test-bed] loading mission mvm_mannworks_intermediate2
[test-bed] loading the map again so the mission's population is built
[test-bed] waiting for the server to settle before restarting the round
[test-bed] watching for 2 wave results, giving up after 1800s
[test-bed] 0 of 2 waves finished
[test-bed] 0 of 2 waves finished
[test-bed] 0 of 2 waves finished
[test-bed] 0 of 2 waves finished
[test-bed] 0 of 2 waves finished
[test-bed] 0 of 2 waves finished
[test-bed] 0 of 2 waves finished
[test-bed] 0 of 2 waves finished
[test-bed] 0 of 2 waves finished
[test-bed] 0 of 2 waves finished
[test-bed] 0 of 2 waves finished
[test-bed] 0 of 2 waves finished
[test-bed] 0 of 2 waves finished
[test-bed] 0 of 2 waves finished
[test-bed] 0 of 2 waves finished
[test-bed] 0 of 2 waves finished
[test-bed] 0 of 2 waves finished
[test-bed] 0 of 2 waves finished
[test-bed] 0 of 2 waves finished
[test-bed] 0 of 2 waves finished
[test-bed] 0 of 2 waves finished
[test-bed] 0 of 2 waves finished
[test-bed] 0 of 2 waves finished
[test-bed] 0 of 2 waves finished
[test-bed] 0 of 2 waves finished
[test-bed] 0 of 2 waves finished
[test-bed] 0 of 2 waves finished
[test-bed] 0 of 2 waves finished
[test-bed] 0 of 2 waves finished
[test-bed] 0 of 2 waves finished
[test-bed] 0 of 2 waves finished
[test-bed] 0 of 2 waves finished
[test-bed] 0 of 2 waves finished
[test-bed] 0 of 2 waves finished
[test-bed] 0 of 2 waves finished
[test-bed] 0 of 2 waves finished
[test-bed] 0 of 2 waves finished
[test-bed] 0 of 2 waves finished
[test-bed] 0 of 2 waves finished
[test-bed] 0 of 2 waves finished
[test-bed] 0 of 2 waves finished
[test-bed] 0 of 2 waves finished
[test-bed] 0 of 2 waves finished
[test-bed] 0 of 2 waves finished
[test-bed] 0 of 2 waves finished
[test-bed] 0 of 2 waves finished
