[test-bed] found a Team Fortress 2 install in tf2-archipelago_tf2game
mvmbots-testbed_tf2game already has something in it, leaving it alone
mvmbots-testbed_tf2game already has the game
[test-bed] starting the server on mvm_mannworks
 Container mvmbots-testbed-srcds-1 Recreate 
 Container mvmbots-testbed-srcds-1 Recreated 
 Container mvmbots-testbed-srcds-1 Starting 
 Container mvmbots-testbed-srcds-1 Started 
[test-bed] waiting for the server to answer rcon (the first run downloads the game)
[test-bed] loading mission mvm_mannworks_advanced
[test-bed] waiting for the server to settle before restarting the round
[test-bed] watching for 1 wave results, giving up after 900s
[test-bed] 0 of 1 waves finished
[test-bed] 0 of 1 waves finished
[test-bed] 0 of 1 waves finished
[test-bed] 0 of 1 waves finished
[test-bed] 0 of 1 waves finished
[test-bed] 0 of 1 waves finished
[test-bed] 0 of 1 waves finished
[test-bed] 0 of 1 waves finished
[test-bed] 0 of 1 waves finished
[test-bed] 0 of 1 waves finished
[test-bed] 0 of 1 waves finished
[test-bed] 0 of 1 waves finished
[test-bed] 1 of 1 waves finished
[test-bed] wrote results/mwdiag-mvm_mannworks_advanced.jsonl

results/mwdiag-mvm_mannworks_advanced.jsonl
  waves played      1
  cleared           1 (100%)
  robots killed     73, of them 0 giants
  defenders died    27
  sentries lost     1
  damage dealt      13328
  of it, sentries   192 (1%)
  damage to tanks   0
  healing done      532, 0 ubers
  healing by class  scout 357  medic 175
  scoreboard says   1718   (the event sum says 532, which is a 1186 gap)
  damage by class   heavy 5250  soldier 3313  demoman 1846  scout 1440  engineer 882  medic 597
  kills by class    heavy 34  soldier 16  demoman 7  scout 7  medic 4  engineer 3
  giants by class   nothing
  killed us         soldier 22  pyro 5
  died to           explosion 22  fire 4  other 1
  demoman damage    pipes 1846, stickies 0, bottle 0
  soldier damage    rockets 3313, everything else 0
  jars thrown       7
  projectiles       soldier 51 fired, 31 hit (60%);  demoman 34 fired, 15 hit (44%)
  hurt themselves   soldier 259  demoman 171
  killed themselves nothing

  what the bots were doing (212 samples)
    Bert             heavy     DefenderAttack 64%, DefenderCampBomb 17%, DefenderGotoUpgrade 8%
                               primary 100%, hurt 11% of the time
    Bob              engineer  DefenderBuildSentrygun 58%, DefenderEngineerIdle 25%, DefenderGotoUpgrade 8%
                               primary 69%/melee 19%, hurt 13% of the time
    Elliot           medic     Heal 64%, DefenderMedicRevive 18%, DefenderGotoUpgrade 8%
                               beam on somebody 43% of the time, trigger held 67% (64% of that connected)
                               primary 18%/secondary 81%, hurt 18% of the time
    Fergus           scout     DefenderCollectMoney 63%, DefenderAttack 13%, ScenarioMonitor 7%
                               primary 47%/secondary 52%, hurt 10% of the time
    Frank            soldier   DefenderCampBomb 41%, DefenderAttack 41%, ScenarioMonitor 5%
                               primary 94%/secondary 5%, hurt 13% of the time
    George           demoman   DefenderAttack 70%, DefenderGotoUpgrade 12%, DefenderMoveToFront 6%
                               primary 77%/secondary 22%, hurt 3% of the time

  what the buildings were worth (14 samples)
    Bob sentry                   level 1, saw a robot 7% of samples (0.1 at a time), 0.8 teammates in range

  how close the buildings got to the spots mvm_mannworks names
    Bob sentry                    wave 1: 79
    (median units from the nearest authored spot; ! is off it, !! is nowhere near it)

  how close the nearest robot was
    demoman   median 1340, closest tenth under 271, point blank 3% of samples
    engineer  median 1269, closest tenth under 482, point blank 3% of samples
    heavy     median 603, closest tenth under 292, point blank 3% of samples
    medic     median 861, closest tenth under 321, point blank 3% of samples
    scout     median 619, closest tenth under 131, point blank 11% of samples
    soldier   median 939, closest tenth under 198, point blank 9% of samples

  where they stood while a wave was running
    Bert             heavy     stood still 27% of the time, longest 20s at 195 -626 257, 18579 units walked per wave
                               trigger held in 55% of samples, 68% of those into the world (aimed at world 73%, entity_medigun_shield 10%, pyro 6%)
    Bob              engineer  stood still 32% of the time, longest 25s at 1036 780 257, 23595 units walked per wave
                               asked to walk in 93% of samples, 13% of those with no path at all, 31% of those without moving
                               trigger held in 25% of samples, 37% of those into the world (aimed at world 81%, soldier 9%, entity_medigun_shield 3%)
                               wrench out 7 samples, 0% of them stopped out of reach of his own buildings
    Elliot           medic     stood still 15% of the time, longest 5s at -345 393 256, 27989 units walked per wave
                               trigger held in 78% of samples, 44% of those into the world (aimed at world 57%, teammate 18%, entity_medigun_shield 12%)
    Fergus           scout     stood still 9% of the time, longest 10s at 283 1926 193, 36709 units walked per wave
                               trigger held in 39% of samples, 76% of those into the world (aimed at world 73%, soldier 11%, func_respawnroomvisualizer 5%)
    Frank            soldier   stood still 22% of the time, longest 30s at 34 -1321 320, 20940 units walked per wave
                               trigger held in 19% of samples, 66% of those into the world (aimed at world 71%, entity_medigun_shield 6%, soldier 6%)
    George           demoman   stood still 3% of the time, longest 5s at -492 802 257, 33747 units walked per wave
                               trigger held in 15% of samples, 75% of those into the world (aimed at world 77%, func_respawnroomvisualizer 11%, entity_medigun_shield 3%)

  between waves
    Bert             heavy     no behaviour in 0% of samples, longest 0s, 2434 units walked
    Bob              engineer  no behaviour in 0% of samples, longest 0s, 3991 units walked
    Elliot           medic     no behaviour in 0% of samples, longest 0s, 2932 units walked
    Fergus           scout     no behaviour in 0% of samples, longest 0s, 4008 units walked
    Frank            soldier   no behaviour in 0% of samples, longest 0s, 1858 units walked
    George           demoman   no behaviour in 0% of samples, longest 0s, 2566 units walked

  how much one wave varies from the next
