[test-bed] found a Team Fortress 2 install in tf2-archipelago_tf2game
mvmbots-testbed_tf2game already has something in it, leaving it alone
mvmbots-testbed_tf2game already has the game
[test-bed] starting the server on mvm_mannworks
 Container mvmbots-testbed-srcds-1 Running 
[test-bed] waiting for the server to answer rcon (the first run downloads the game)
[test-bed] loading mission mvm_mannworks_intermediate
[test-bed] waiting for the server to settle before restarting the round
[test-bed] watching for 1 wave results, giving up after 900s
[test-bed] 0 of 1 waves finished
[test-bed] 0 of 1 waves finished
[test-bed] 0 of 1 waves finished
[test-bed] 0 of 1 waves finished
[test-bed] 0 of 1 waves finished
[test-bed] 0 of 1 waves finished
[test-bed] 0 of 1 waves finished
[test-bed] 0 of 1 waves finished
[test-bed] 1 of 1 waves finished
[test-bed] wrote results/mwdiag-mvm_mannworks_intermediate.jsonl

results/mwdiag-mvm_mannworks_intermediate.jsonl
  waves played      1
  cleared           0 (0%)
  robots killed     50, of them 0 giants
  defenders died    11
  sentries lost     2
  buildings took    154, engineer put back 23 (15%)
  damage dealt      18005
  of it, sentries   1024 (6%)
  damage to tanks   0
  healing done      1129, 0 ubers
  healing by class  scout 913  medic 216
  scoreboard says   1336   (the event sum says 1129, which is a 207 gap)
  damage by class   heavy 6825  scout 3318  soldier 3213  demoman 2488  engineer 1756  medic 405
  kills by class    heavy 26  scout 12  soldier 5  demoman 4  engineer 3
  giants by class   nothing
  killed us         pyro 7  heavy 3  demoman 1
  died to           fire 6  melee 3  other 2
  demoman damage    pipes 1352, stickies 1136, bottle 0
  soldier damage    rockets 3213, everything else 0
  jars thrown       5
  projectiles       soldier 57 fired, 35 hit (61%);  demoman 56 fired, 20 hit (35%)
  hurt themselves   demoman 1490  soldier 391
  killed themselves demoman 1

  what the bots were doing (229 samples)
    Bert             heavy     DefenderAttack 48%, DefenderMoveToFront 30%, DefenderCampBomb 12%
                               primary 92%/secondary 7%, hurt 5% of the time
    Bob              engineer  DefenderBuildSentrygun 42%, DefenderEngineerIdle 23%, ScenarioMonitor 23%
                               primary 50%/melee 7%, hurt 5% of the time
    Elliot           medic     Heal 45%, DefenderMoveToFront 32%, DefenderGotoUpgrade 8%
                               beam on somebody 21% of the time, trigger held 45% (47% of that connected)
                               primary 16%/secondary 81%/melee 2%, hurt 16% of the time
    Fergus           scout     DefenderCollectMoney 35%, DefenderMoveToFront 30%, DefenderAttack 20%
                               primary 47%/secondary 50%/melee 2%, hurt 15% of the time
    Frank            soldier   DefenderAttack 61%, DefenderMoveToFront 30%, DefenderGotoUpgrade 5%
                               primary 100%, hurt 20% of the time
    George           demoman   DefenderAttack 44%, DefenderMoveToFront 33%, DefenderGotoUpgrade 8%
                               primary 77%/secondary 22%, hurt 22% of the time

  what the buildings were worth (10 samples)
    Bob sentry                   level 1, saw a robot 70% of samples (1.2 at a time), 0.8 teammates in range

  how close the buildings got to the spots mvm_mannworks names
    Bob sentry                    wave 1: 69
    (median units from the nearest authored spot; ! is off it, !! is nowhere near it)

  how close the nearest robot was
    demoman   median 593, closest tenth under 248, point blank 4% of samples
    engineer  median 892, closest tenth under 469, point blank 0% of samples
    heavy     median 569, closest tenth under 103, point blank 12% of samples
    medic     median 607, closest tenth under 176, point blank 8% of samples
    scout     median 417, closest tenth under 85, point blank 15% of samples
    soldier   median 556, closest tenth under 244, point blank 0% of samples

  where they stood while a wave was running
    Bert             heavy     stood still 20% of the time, longest 15s at 524 1518 145, 8956 units walked per wave
                               trigger held in 66% of samples, 25% of those into the world (aimed at world 40%, pyro 24%, heavy 24%)
    Bob              engineer  stood still 26% of the time, longest 20s at 1014 885 274, 18123 units walked per wave
                               asked to walk in 91% of samples, 4% of those with no path at all, 28% of those without moving
                               trigger held in 47% of samples, 27% of those into the world (aimed at world 66%, heavy 12%, own_sentrygun 12%)
                               wrench out 3 samples, 0% of them stopped out of reach of his own buildings
    Elliot           medic     stood still 9% of the time, longest 5s at 509 1648 151, 13929 units walked per wave
                               trigger held in 77% of samples, 41% of those into the world (aimed at world 52%, teammate 26%, pyro 13%)
    Fergus           scout     stood still 0% of the time, longest 0s, 18063 units walked per wave
                               trigger held in 64% of samples, 75% of those into the world (aimed at world 65%, heavy 11%, pyro 7%)
    Frank            soldier   stood still 8% of the time, longest 10s at 667 1420 129, 12124 units walked per wave
                               trigger held in 33% of samples, 75% of those into the world (aimed at world 72%, func_respawnroomvisualizer 12%, prop_dynamic 8%)
    George           demoman   stood still 9% of the time, longest 10s at 634 1565 137, 13816 units walked per wave
                               trigger held in 57% of samples, 66% of those into the world (aimed at world 63%, heavy 18%, func_respawnroomvisualizer 9%)

  between waves
    Bert             heavy     no behaviour in 0% of samples, longest 0s, 9264 units walked
    Bob              engineer  no behaviour in 64% of samples, longest 45s at 1014 885 274, 11391 units walked
    Elliot           medic     no behaviour in 0% of samples, longest 0s, 9226 units walked
    Fergus           scout     no behaviour in 7% of samples, longest 5s at -643 -2677 384, 9468 units walked
    Frank            soldier   no behaviour in 0% of samples, longest 0s, 8942 units walked
    George           demoman   no behaviour in 0% of samples, longest 0s, 9066 units walked

  how much one wave varies from the next
