[test-bed] found a Team Fortress 2 install in tf2-archipelago_tf2game
mvmbots-testbed_tf2game already has something in it, leaving it alone
mvmbots-testbed_tf2game already has the game
[test-bed] stopping the server while the mod is rebuilt
 Container mvmbots-testbed-srcds-1 Stopping 
 Container mvmbots-testbed-srcds-1 Stopped 
[test-bed] building
[test-bed] starting the server on mvm_decoy
 Container mvmbots-testbed-srcds-1 Recreate 
 Container mvmbots-testbed-srcds-1 Recreated 
 Container mvmbots-testbed-srcds-1 Starting 
 Container mvmbots-testbed-srcds-1 Started 
[test-bed] waiting for the server to answer rcon (the first run downloads the game)
[test-bed] loading mission mvm_decoy_advanced
[test-bed] waiting for the server to settle before restarting the round
[test-bed] watching for 2 wave results, giving up after 1500s
[test-bed] 0 of 2 waves finished
[test-bed] 0 of 2 waves finished
[test-bed] 0 of 2 waves finished
[test-bed] 0 of 2 waves finished
[test-bed] 0 of 2 waves finished
[test-bed] 0 of 2 waves finished
[test-bed] 0 of 2 waves finished
[test-bed] 0 of 2 waves finished
[test-bed] 0 of 2 waves finished
[test-bed] 1 of 2 waves finished
[test-bed] 1 of 2 waves finished
[test-bed] 1 of 2 waves finished
[test-bed] 1 of 2 waves finished
[test-bed] 1 of 2 waves finished
[test-bed] 1 of 2 waves finished
[test-bed] 1 of 2 waves finished
[test-bed] 1 of 2 waves finished
[test-bed] 1 of 2 waves finished
[test-bed] 1 of 2 waves finished
[test-bed] 2 of 2 waves finished
[test-bed] wrote results/wedgewhy-1.jsonl

results/wedgewhy-1.jsonl
  waves played      2
  cleared           0 (0%)
  robots killed     142, of them 6 giants
  defenders died    44
  sentries lost     7
  buildings took    802, engineer put back 44 (5%)
  damage dealt      37673
  of it, sentries   5568 (15%)
  damage to tanks   0
  healing done      2094, 0 ubers
  healing by class  scout 961  medic 658  engineer 475
  scoreboard says   2952   (the event sum says 2094, which is a 858 gap)
  damage by class   heavy 13123  engineer 8729  soldier 6443  demoman 5187  scout 3483  medic 708
  kills by class    heavy 51  engineer 33  soldier 22  demoman 14  scout 14  medic 2
  giants by class   heavy 3  engineer 1  scout 1
  killed us         pyro 34  heavy 9  soldier 1
  died to           fire 25  other 13  melee 6
  demoman damage    pipes 3467, stickies 1720, bottle 0
  soldier damage    rockets 6443, everything else 0
  jars thrown       9
  projectiles       soldier 101 fired, 64 hit (63%);  demoman 95 fired, 50 hit (52%)
  hurt themselves   demoman 1888  heavy 1300  scout 1271  engineer 1125  medic 1004  soldier 795
  killed themselves heavy 1  soldier 1

  what the bots were doing (364 samples)
    Bob              soldier   DefenderAttack 57%, DefenderMoveToFront 22%, DefenderCampBomb 12%
                               primary 91%/secondary 8%, hurt 21% of the time
    Ernie            scout     DefenderCollectMoney 58%, DefenderMoveToFront 19%, DefenderAttack 10%
                               primary 41%/secondary 52%/melee 5%, hurt 8% of the time
    Fergus           engineer  DefenderEngineerIdle 51%, DefenderBuildSentrygun 25%, DefenderBuildTeleporter 8%
                               primary 68%/secondary 1%/melee 20%, hurt 13% of the time
    Graham           heavy     DefenderAttack 54%, DefenderCampBomb 19%, DefenderMoveToFront 19%
                               primary 96%/secondary 3%, hurt 19% of the time
    Ulric            medic     Heal 59%, DefenderMoveToFront 23%, DefenderMedicRevive 6%
                               beam on somebody 33% of the time, trigger held 61% (56% of that connected)
                               primary 38%/secondary 54%/melee 6%, hurt 20% of the time
    Walt             demoman   DefenderAttack 72%, DefenderMoveToFront 20%, DefenderGotoUpgrade 5%
                               primary 77%/secondary 22%, hurt 25% of the time

  what the buildings were worth (178 samples)
    Fergus dispenser             level 3, saw a robot 27% of samples (0.9 at a time), 2.2 teammates in range
    Fergus sentry                level 3, saw a robot 36% of samples (1.4 at a time), 1.8 teammates in range
    Fergus teleporter entrance   level 3, saw a robot 16% of samples (0.3 at a time), 0.3 teammates in range
    Fergus teleporter exit       level 3, saw a robot 17% of samples (0.5 at a time), 0.4 teammates in range

  how close the buildings got to the spots mvm_decoy names
    Fergus dispenser              wave 1: 13
    Fergus sentry                 wave 1: 91
    (median units from the nearest authored spot; ! is off it, !! is nowhere near it)

  how close the nearest robot was
    demoman   median 450, closest tenth under 194, point blank 4% of samples
    engineer  median 550, closest tenth under 160, point blank 8% of samples
    heavy     median 600, closest tenth under 194, point blank 4% of samples
    medic     median 614, closest tenth under 67, point blank 18% of samples
    scout     median 516, closest tenth under 144, point blank 13% of samples
    soldier   median 592, closest tenth under 97, point blank 16% of samples

  where they stood while a wave was running
    Bob              soldier   stood still 12% of the time, longest 10s at 97 1423 356, 34691 units walked per wave
                               trigger held in 34% of samples, 71% of those into the world (aimed at world 66%, heavy 9%, pyro 4%)
    Ernie            scout     stood still 3% of the time, longest 5s at -208 301 356, 48806 units walked per wave
                               trigger held in 45% of samples, 65% of those into the world (aimed at world 63%, heavy 7%, pyro 7%)
    Fergus           engineer  stood still 43% of the time, longest 55s at 222 845 355, 32373 units walked per wave
                               asked to walk in 93% of samples, 4% of those with no path at all, 41% of those without moving
                               trigger held in 47% of samples, 47% of those into the world (aimed at world 60%, heavy 11%, func_respawnroomvisualizer 6%)
                               wrench out 10 samples, 0% of them stopped out of reach of his own buildings
    Graham           heavy     stood still 13% of the time, longest 5s at 46 1512 356, 29887 units walked per wave
                               trigger held in 76% of samples, 37% of those into the world (aimed at world 51%, giant pyro 14%, heavy 14%)
    Ulric            medic     stood still 18% of the time, longest 10s at -580 -1716 417, 30047 units walked per wave
                               trigger held in 83% of samples, 47% of those into the world (aimed at world 47%, teammate 31%, entity_medigun_shield 11%)
    Walt             demoman   stood still 6% of the time, longest 10s at 217 649 363, 40614 units walked per wave
                               trigger held in 30% of samples, 69% of those into the world (aimed at world 81%, func_brush 4%, func_respawnroomvisualizer 4%)

  between waves
    Bob              soldier   no behaviour in 0% of samples, longest 0s, 7112 units walked
    Ernie            scout     no behaviour in 0% of samples, longest 0s, 7386 units walked
    Fergus           engineer  no behaviour in 0% of samples, longest 0s, 15191 units walked
    Graham           heavy     no behaviour in 0% of samples, longest 0s, 7729 units walked
    Ulric            medic     no behaviour in 0% of samples, longest 0s, 7026 units walked
    Walt             demoman   no behaviour in 0% of samples, longest 0s, 7952 units walked

  how much one wave varies from the next
