[test-bed] found a Team Fortress 2 install in tf2-archipelago_tf2game
mvmbots-testbed_tf2game already has something in it, leaving it alone
mvmbots-testbed_tf2game already has the game
[test-bed] stopping the server while the mod is rebuilt
 Container mvmbots-testbed-srcds-1 Stopping 
 Container mvmbots-testbed-srcds-1 Stopped 
[test-bed] building
[test-bed] starting the server on mvm_rottenburg
 Container mvmbots-testbed-srcds-1 Starting 
 Container mvmbots-testbed-srcds-1 Started 
[test-bed] waiting for the server to answer rcon (the first run downloads the game)
[test-bed] loading mission mvm_rottenburg_advanced1
[test-bed] waiting for the server to settle before restarting the round
[test-bed] watching for 1 wave results, giving up after 900s
[test-bed] 0 of 1 waves finished
[test-bed] 0 of 1 waves finished
[test-bed] 0 of 1 waves finished
[test-bed] 0 of 1 waves finished
[test-bed] 0 of 1 waves finished
[test-bed] 0 of 1 waves finished
[test-bed] 0 of 1 waves finished
[test-bed] 0 of 1 waves finished
[test-bed] 0 of 1 waves finished
[test-bed] 0 of 1 waves finished
[test-bed] 1 of 1 waves finished
[test-bed] wrote results/blu-band/dmg-2.jsonl

results/blu-band/dmg-2.jsonl
  waves played      1
  cleared           0 (0%)
  robots killed     48, of them 1 giants
  defenders died    14
  sentries lost     2
  buildings took    533, engineer put back 279 (52%)
  damage dealt      16887
  of it, sentries   2512 (15%)
  damage to tanks   0
  healing done      2492, 0 ubers
  healing by class  scout 1614  engineer 504  medic 374
  scoreboard says   2499
  damage by class   heavy 5322  soldier 3677  engineer 3478  demoman 2190  scout 2070  medic 150
  kills by class    soldier 17  heavy 16  demoman 6  engineer 4  scout 4  medic 1
  giants by class   heavy 1
  killed us         soldier 11  demoman 3
  died to           explosion 14
  demoman damage    pipes 799, stickies 1391, bottle 0
  soldier damage    rockets 3677, everything else 0
  jars thrown       6
  projectiles       soldier 49 fired, 35 hit (71%);  demoman 47 fired, 20 hit (42%)
  hurt themselves   demoman 402  soldier 208  engineer 16
  killed themselves nothing

  what the bots were doing (171 samples)
    Marvin           engineer  DefenderEngineerIdle 55%, DefenderBuildSentrygun 33%, DefenderGetAmmo 7%
                               primary 55%/secondary 22%/melee 22%, hurt 7% of the time
    Oliver           heavy     DefenderAttack 80%, DefenderCollectNearMoney 6%, ScenarioMonitor 6%
                               primary 100%, hurt 13% of the time
    Toby             medic     Heal 80%, DefenderGetHealth 10%, DefenderAttackUber 3%
                               beam on somebody 60% of the time, trigger held 73% (82% of that connected)
                               primary 16%/secondary 80%/melee 3%, hurt 30% of the time
    Uri              demoman   DefenderAttack 89%, ScenarioMonitor 3%, DefenderGotoUpgrade 3%
                               primary 50%/secondary 50%, hurt 39% of the time
    Wally            scout     DefenderCollectMoney 62%, DefenderAttack 27%, ScenarioMonitor 6%
                               primary 68%/secondary 31%, hurt 10% of the time
    Walt             soldier   DefenderAttack 85%, DefenderCollectNearMoney 7%, ScenarioMonitor 3%
                               primary 88%/secondary 11%, hurt 33% of the time

  what the buildings were worth (82 samples)
    Marvin dispenser             level 3, saw a robot 50% of samples (0.9 at a time), 2.6 teammates in range
    Marvin sentry                level 3, saw a robot 37% of samples (1.1 at a time), 1.4 teammates in range
    Marvin teleporter entrance   level 3, saw a robot 3% of samples (0.0 at a time), 0.2 teammates in range
    Marvin teleporter exit       level 3, saw a robot 19% of samples (0.8 at a time), 0.2 teammates in range

  how close the buildings got to the spots mvm_rottenburg names
    Marvin dispenser              wave 1: 80
    Marvin sentry                 wave 1: 499!
    (median units from the nearest authored spot; ! is off it, !! is nowhere near it)

  how close the nearest robot was
    demoman   median 600, closest tenth under 221, point blank 3% of samples
    engineer  median 1212, closest tenth under 465, point blank 0% of samples
    heavy     median 680, closest tenth under 238, point blank 3% of samples
    medic     median 871, closest tenth under 256, point blank 0% of samples
    scout     median 713, closest tenth under 214, point blank 3% of samples
    soldier   median 922, closest tenth under 277, point blank 0% of samples

  where they stood while a wave was running
    Marvin           engineer  stood still 16% of the time, longest 20s at 1479 -998 -526, 22917 units walked per wave
                               asked to walk in 76% of samples, 15% of those with no path at all, 10% of those without moving
                               trigger held in 48% of samples, 33% of those into the world (aimed at world 61%, own_sentrygun 23%, giant soldier 7%)
                               wrench out 6 samples, 0% of them stopped out of reach of his own buildings
    Oliver           heavy     stood still 3% of the time, longest 5s at 1320 -2072 -500, 16332 units walked per wave
                               trigger held in 42% of samples, 50% of those into the world (aimed at world 65%, entity_medigun_shield 13%, func_respawnroomvisualizer 6%)
    Toby             medic     stood still 3% of the time, longest 5s at 1441 -2211 -478, 16639 units walked per wave
                               trigger held in 78% of samples, 22% of those into the world (aimed at teammate 44%, world 31%, entity_medigun_shield 13%)
    Uri              demoman   stood still 0% of the time, longest 0s, 24058 units walked per wave
                               trigger held in 46% of samples, 75% of those into the world (aimed at world 81%, soldier 7%, giant soldier 3%)
    Wally            scout     stood still 7% of the time, longest 10s at 1686 -1671 -608, 30158 units walked per wave
                               trigger held in 40% of samples, 45% of those into the world (aimed at world 64%, func_respawnroomvisualizer 10%, giant soldier 7%)
    Walt             soldier   stood still 4% of the time, longest 5s at 1409 -1424 -587, 22987 units walked per wave
                               trigger held in 28% of samples, 85% of those into the world (aimed at world 84%, entity_medigun_shield 3%, func_respawnroomvisualizer 3%)

  between waves
    Marvin           engineer  no behaviour in 0% of samples, longest 0s, 0 units walked
    Oliver           heavy     no behaviour in 0% of samples, longest 0s, 0 units walked
    Toby             medic     no behaviour in 0% of samples, longest 0s, 0 units walked
    Uri              demoman   no behaviour in 0% of samples, longest 0s, 0 units walked
    Wally            scout     no behaviour in 0% of samples, longest 0s, 0 units walked
    Walt             soldier   no behaviour in 0% of samples, longest 0s, 0 units walked

  how much one wave varies from the next
