[test-bed] found a Team Fortress 2 install in tf2-archipelago_tf2game
mvmbots-testbed_tf2game already has something in it, leaving it alone
mvmbots-testbed_tf2game already has the game
[test-bed] stopping the server while the mod is rebuilt
 Container mvmbots-testbed-srcds-1 Stopping 
 Container mvmbots-testbed-srcds-1 Stopped 
[test-bed] building
[test-bed] starting the server on mvm_rottenburg
 Container mvmbots-testbed-srcds-1 Starting 
 Container mvmbots-testbed-srcds-1 Started 
[test-bed] waiting for the server to answer rcon (the first run downloads the game)
[test-bed] loading mission mvm_rottenburg_advanced1
[test-bed] waiting for the server to settle before restarting the round
[test-bed] watching for 1 wave results, giving up after 900s
[test-bed] 0 of 1 waves finished
[test-bed] 0 of 1 waves finished
[test-bed] 0 of 1 waves finished
[test-bed] 0 of 1 waves finished
[test-bed] 0 of 1 waves finished
[test-bed] 0 of 1 waves finished
[test-bed] 0 of 1 waves finished
[test-bed] 0 of 1 waves finished
[test-bed] 0 of 1 waves finished
[test-bed] 0 of 1 waves finished
[test-bed] 1 of 1 waves finished
[test-bed] wrote results/blu-band/dmg-3.jsonl

results/blu-band/dmg-3.jsonl
  waves played      1
  cleared           0 (0%)
  robots killed     56, of them 2 giants
  defenders died    15
  sentries lost     1
  buildings took    780, engineer put back 397 (51%)
  damage dealt      17835
  of it, sentries   4192 (24%)
  damage to tanks   0
  healing done      1704, 0 ubers
  healing by class  scout 1007  engineer 576  medic 121
  scoreboard says   1915   (the event sum says 1704, which is a 211 gap)
  damage by class   engineer 5688  heavy 4309  soldier 3396  demoman 2237  scout 1845  medic 360
  kills by class    heavy 24  engineer 18  soldier 5  demoman 4  scout 3  medic 2
  giants by class   demoman 1  engineer 1
  killed us         soldier 9  demoman 5  scout 1
  died to           explosion 12  other 3
  demoman damage    pipes 1888, stickies 349, bottle 0
  soldier damage    rockets 3396, everything else 0
  jars thrown       6
  projectiles       soldier 47 fired, 26 hit (55%);  demoman 35 fired, 16 hit (45%)
  hurt themselves   soldier 475  demoman 175
  killed themselves nothing

  what the bots were doing (171 samples)
    Bob              demoman   DefenderAttack 65%, ScenarioMonitor 15%, DefenderMoveToFront 11%
                               primary 73%/secondary 26%, hurt 3% of the time
    Cecil            heavy     DefenderAttack 82%, DefenderGotoUpgrade 6%, DefenderCollectNearMoney 3%
                               primary 100%, hurt 3% of the time
    Elliot           scout     DefenderCollectMoney 51%, DefenderAttack 17%, ScenarioMonitor 10%
                               primary 65%/secondary 34%, hurt 6% of the time
    Ernie            soldier   DefenderAttack 74%, DefenderMoveToFront 11%, ScenarioMonitor 7%
                               primary 92%/secondary 7%, hurt 22% of the time
    Eugene           engineer  DefenderEngineerIdle 34%, DefenderBuildSentrygun 24%, DefenderBuildDispenser 13%
                               primary 62%/secondary 13%/melee 17%, hurt 6% of the time
    Walt             medic     Heal 64%, DefenderMedicRevive 12%, DefenderGotoUpgrade 9%
                               beam on somebody 41% of the time, trigger held 61% (68% of that connected)
                               primary 32%/secondary 67%, hurt 3% of the time

  what the buildings were worth (80 samples)
    Eugene dispenser             level 3, saw a robot 36% of samples (0.4 at a time), 2.5 teammates in range
    Eugene sentry                level 3, saw a robot 35% of samples (0.8 at a time), 1.1 teammates in range
    Eugene teleporter entrance   level 3, saw a robot 7% of samples (0.1 at a time), 0.3 teammates in range
    Eugene teleporter exit       level 3, saw a robot 23% of samples (0.6 at a time), 0.2 teammates in range

  how close the buildings got to the spots mvm_rottenburg names
    Eugene dispenser              wave 1: 77
    Eugene sentry                 wave 1: 516!
    (median units from the nearest authored spot; ! is off it, !! is nowhere near it)

  how close the nearest robot was
    demoman   median 687, closest tenth under 396, point blank 0% of samples
    engineer  median 1002, closest tenth under 310, point blank 0% of samples
    heavy     median 763, closest tenth under 259, point blank 0% of samples
    medic     median 830, closest tenth under 422, point blank 0% of samples
    scout     median 575, closest tenth under 221, point blank 7% of samples
    soldier   median 889, closest tenth under 203, point blank 4% of samples

  where they stood while a wave was running
    Bob              demoman   stood still 13% of the time, longest 10s at 1623 -1524 -603, 22702 units walked per wave
                               trigger held in 18% of samples, 0% of those into the world (aimed at world 65%, func_respawnroomvisualizer 13%, giant demoman 8%)
    Cecil            heavy     stood still 8% of the time, longest 10s at 1968 -1610 -632, 22675 units walked per wave
                               trigger held in 44% of samples, 36% of those into the world (aimed at world 53%, entity_medigun_shield 11%, func_respawnroomvisualizer 11%)
    Elliot           scout     stood still 8% of the time, longest 5s at 2098 -1881 -606, 25789 units walked per wave
                               trigger held in 40% of samples, 60% of those into the world (aimed at world 65%, func_respawnroomvisualizer 15%, giant soldier 7%)
    Ernie            soldier   stood still 8% of the time, longest 5s at 1303 -1704 -576, 19842 units walked per wave
                               trigger held in 26% of samples, 50% of those into the world (aimed at world 83%, giant demoman 4%, teammate 4%)
    Eugene           engineer  stood still 28% of the time, longest 15s at 1475 -1018 -528, 17613 units walked per wave
                               asked to walk in 68% of samples, 5% of those with no path at all, 5% of those without moving
                               trigger held in 48% of samples, 25% of those into the world (aimed at world 57%, own_sentrygun 15%, giant soldier 11%)
                               wrench out 5 samples, 0% of them stopped out of reach of his own buildings
    Walt             medic     stood still 25% of the time, longest 15s at 1693 -1690 -608, 19165 units walked per wave
                               trigger held in 70% of samples, 21% of those into the world (aimed at world 39%, teammate 32%, entity_medigun_shield 10%)

  between waves
    Bob              demoman   no behaviour in 0% of samples, longest 0s, 2068 units walked
    Cecil            heavy     no behaviour in 0% of samples, longest 0s, 1213 units walked
    Elliot           scout     no behaviour in 0% of samples, longest 0s, 2014 units walked
    Ernie            soldier   no behaviour in 0% of samples, longest 0s, 1967 units walked
    Eugene           engineer  no behaviour in 0% of samples, longest 0s, 4294 units walked
    Walt             medic     no behaviour in 0% of samples, longest 0s, 2904 units walked

  how much one wave varies from the next
