[test-bed] found a Team Fortress 2 install in tf2-archipelago_tf2game
mvmbots-testbed_tf2game already has something in it, leaving it alone
mvmbots-testbed_tf2game already has the game
[test-bed] stopping the server while the mod is rebuilt
 Container mvmbots-testbed-srcds-1 Stopping 
 Container mvmbots-testbed-srcds-1 Stopped 
[test-bed] building
[test-bed] starting the server on mvm_rottenburg
 Container mvmbots-testbed-srcds-1 Starting 
 Container mvmbots-testbed-srcds-1 Started 
[test-bed] waiting for the server to answer rcon (the first run downloads the game)
[test-bed] loading mission mvm_rottenburg_advanced1
[test-bed] waiting for the server to settle before restarting the round
[test-bed] watching for 1 wave results, giving up after 900s
[test-bed] 0 of 1 waves finished
[test-bed] 0 of 1 waves finished
[test-bed] 0 of 1 waves finished
[test-bed] 0 of 1 waves finished
[test-bed] 0 of 1 waves finished
[test-bed] 0 of 1 waves finished
[test-bed] 0 of 1 waves finished
[test-bed] 0 of 1 waves finished
[test-bed] 0 of 1 waves finished
[test-bed] 0 of 1 waves finished
[test-bed] 1 of 1 waves finished
[test-bed] wrote results/blu-band/dmg-5.jsonl

results/blu-band/dmg-5.jsonl
  waves played      1
  cleared           0 (0%)
  robots killed     53, of them 1 giants
  defenders died    22
  sentries lost     4
  buildings took    638, engineer put back 71 (11%)
  damage dealt      15417
  of it, sentries   1024 (7%)
  damage to tanks   0
  healing done      1669, 1 ubers
  healing by class  scout 1245  engineer 287  medic 137
  scoreboard says   2661   (the event sum says 1669, which is a 992 gap)
  damage by class   heavy 6836  soldier 3392  engineer 2286  demoman 1327  scout 1215  medic 361
  kills by class    heavy 23  soldier 15  engineer 8  demoman 3  scout 2  medic 1
  giants by class   heavy 1
  killed us         soldier 16  demoman 5  heavy 1
  died to           explosion 20  other 2
  demoman damage    pipes 982, stickies 345, bottle 0
  soldier damage    rockets 3392, everything else 0
  jars thrown       6
  projectiles       soldier 55 fired, 32 hit (58%);  demoman 43 fired, 12 hit (27%)
  hurt themselves   heavy 1300  demoman 247  soldier 166  engineer 32
  killed themselves heavy 1

  what the bots were doing (168 samples)
    Cecil            demoman   DefenderAttack 89%, DefenderGotoUpgrade 3%, DefenderCollectNearMoney 3%
                               primary 57%/secondary 42%, hurt 10% of the time
    Elliot           medic     Heal 78%, DefenderAttackUber 10%, DefenderMedicRevive 3%
                               beam on somebody 71% of the time, trigger held 89% (80% of that connected)
                               primary 7%/secondary 82%/melee 10%, hurt 14% of the time
    Fergus           engineer  DefenderBuildSentrygun 42%, DefenderEngineerIdle 39%, DefenderGetAmmo 10%
                               primary 71%/secondary 10%/melee 17%, hurt 10% of the time
    Irwin            heavy     DefenderAttack 85%, ScenarioMonitor 7%, DefenderCollectNearMoney 3%
                               primary 100%, hurt 10% of the time
    Lester           scout     DefenderCollectMoney 60%, DefenderAttack 25%, ScenarioMonitor 10%
                               primary 57%/secondary 42%, hurt 7% of the time
    Yuri             soldier   DefenderAttack 75%, DefenderCampBomb 10%, ScenarioMonitor 7%
                               primary 96%/secondary 3%, hurt 7% of the time

  what the buildings were worth (28 samples)
    Fergus dispenser             level 3, saw a robot 28% of samples (0.4 at a time), 2.4 teammates in range
    Fergus sentry                level 3, saw a robot 35% of samples (0.8 at a time), 1.1 teammates in range

  how close the buildings got to the spots mvm_rottenburg names
    Fergus dispenser              wave 1: 21
    Fergus sentry                 wave 1: 522!
    (median units from the nearest authored spot; ! is off it, !! is nowhere near it)

  how close the nearest robot was
    demoman   median 497, closest tenth under 180, point blank 7% of samples
    engineer  median 926, closest tenth under 423, point blank 0% of samples
    heavy     median 569, closest tenth under 119, point blank 11% of samples
    medic     median 784, closest tenth under 289, point blank 0% of samples
    scout     median 733, closest tenth under 207, point blank 3% of samples
    soldier   median 693, closest tenth under 276, point blank 0% of samples

  where they stood while a wave was running
    Cecil            demoman   stood still 0% of the time, longest 0s, 23423 units walked per wave
                               trigger held in 26% of samples, 28% of those into the world (aimed at world 62%, soldier 7%, teammate 7%)
    Elliot           medic     stood still 3% of the time, longest 5s at 820 -1786 -538, 18713 units walked per wave
                               trigger held in 96% of samples, 20% of those into the world (aimed at teammate 51%, world 25%, entity_medigun_shield 18%)
    Fergus           engineer  stood still 11% of the time, longest 10s at 1544 -1025 -528, 26050 units walked per wave
                               asked to walk in 84% of samples, 31% of those with no path at all, 4% of those without moving
                               trigger held in 42% of samples, 36% of those into the world (aimed at world 62%, own_sentrygun 11%, scout 7%)
                               wrench out 5 samples, 0% of them stopped out of reach of his own buildings
    Irwin            heavy     stood still 3% of the time, longest 5s at 1296 -1629 -579, 18698 units walked per wave
                               trigger held in 50% of samples, 30% of those into the world (aimed at world 59%, giant soldier 11%, soldier 11%)
    Lester           scout     stood still 3% of the time, longest 5s at 1707 -1643 -611, 30450 units walked per wave
                               trigger held in 30% of samples, 62% of those into the world (aimed at world 70%, giant soldier 11%, medic 7%)
    Yuri             soldier   stood still 3% of the time, longest 5s at 1062 -1609 -545, 19887 units walked per wave
                               trigger held in 34% of samples, 66% of those into the world (aimed at world 85%, entity_medigun_shield 7%, teammate 3%)

  between waves
    Cecil            demoman   no behaviour in 0% of samples, longest 0s, 0 units walked
    Elliot           medic     no behaviour in 0% of samples, longest 0s, 0 units walked
    Fergus           engineer  no behaviour in 0% of samples, longest 0s, 0 units walked
    Irwin            heavy     no behaviour in 0% of samples, longest 0s, 0 units walked
    Lester           scout     no behaviour in 0% of samples, longest 0s, 0 units walked
    Yuri             soldier   no behaviour in 0% of samples, longest 0s, 0 units walked

  how much one wave varies from the next
