[test-bed] found a Team Fortress 2 install in tf2-archipelago_tf2game
mvmbots-testbed_tf2game already has something in it, leaving it alone
mvmbots-testbed_tf2game already has the game
[test-bed] stopping the server while the mod is rebuilt
 Container mvmbots-testbed-srcds-1 Stopping 
 Container mvmbots-testbed-srcds-1 Stopped 
[test-bed] building
[test-bed] starting the server on mvm_rottenburg
 Container mvmbots-testbed-srcds-1 Starting 
 Container mvmbots-testbed-srcds-1 Started 
[test-bed] waiting for the server to answer rcon (the first run downloads the game)
[test-bed] loading mission mvm_rottenburg_advanced1
[test-bed] waiting for the server to settle before restarting the round
[test-bed] watching for 1 wave results, giving up after 900s
[test-bed] 0 of 1 waves finished
[test-bed] 0 of 1 waves finished
[test-bed] 0 of 1 waves finished
[test-bed] 0 of 1 waves finished
[test-bed] 0 of 1 waves finished
[test-bed] 0 of 1 waves finished
[test-bed] 0 of 1 waves finished
[test-bed] 0 of 1 waves finished
[test-bed] 0 of 1 waves finished
[test-bed] 0 of 1 waves finished
[test-bed] 1 of 1 waves finished
[test-bed] wrote results/blu-band/dmg-6.jsonl

results/blu-band/dmg-6.jsonl
  waves played      1
  cleared           0 (0%)
  robots killed     53, of them 1 giants
  defenders died    17
  sentries lost     3
  buildings took    863, engineer put back 385 (45%)
  damage dealt      14077
  of it, sentries   2192 (16%)
  damage to tanks   0
  healing done      1996, 1 ubers
  healing by class  scout 1279  engineer 566  medic 151
  scoreboard says   2835   (the event sum says 1996, which is a 839 gap)
  damage by class   engineer 3914  heavy 3459  soldier 2972  scout 2055  demoman 1517  medic 160
  kills by class    heavy 19  engineer 12  soldier 11  demoman 6  scout 4  medic 1
  giants by class   scout 1
  killed us         soldier 13  demoman 3  scout 1
  died to           explosion 13  other 4
  demoman damage    pipes 1142, stickies 375, bottle 0
  soldier damage    rockets 2972, everything else 0
  jars thrown       5
  projectiles       soldier 50 fired, 24 hit (48%);  demoman 35 fired, 13 hit (37%)
  hurt themselves   demoman 337  soldier 119  engineer 50
  killed themselves nothing

  what the bots were doing (178 samples)
    Ernie            heavy     DefenderAttack 75%, DefenderGotoUpgrade 12%, ScenarioMonitor 9%
                               primary 100%, hurt 0% of the time
    Fred             demoman   DefenderAttack 81%, DefenderGotoUpgrade 14%, ScenarioMonitor 3%
                               primary 66%/secondary 33%, hurt 37% of the time
    George           engineer  DefenderEngineerIdle 40%, DefenderBuildSentrygun 33%, DefenderGetAmmo 10%
                               primary 66%/secondary 6%/melee 16%, hurt 23% of the time
    Toby             medic     Heal 68%, DefenderMedicRevive 15%, DefenderMoveToFront 12%
                               beam on somebody 53% of the time, trigger held 84% (63% of that connected)
                               primary 9%/secondary 90%, hurt 0% of the time
    Uri              soldier   DefenderAttack 69%, DefenderMoveToFront 15%, ScenarioMonitor 7%
                               primary 96%/secondary 3%, hurt 15% of the time
    Walt             scout     DefenderCollectMoney 41%, DefenderAttack 35%, ScenarioMonitor 9%
                               primary 58%/secondary 41%, hurt 6% of the time

  what the buildings were worth (82 samples)
    George dispenser             level 3, saw a robot 30% of samples (0.7 at a time), 2.2 teammates in range
    George sentry                level 3, saw a robot 35% of samples (0.6 at a time), 1.4 teammates in range
    George teleporter entrance   level 3, saw a robot 3% of samples (0.0 at a time), 0.1 teammates in range
    George teleporter exit       level 3, saw a robot 19% of samples (0.9 at a time), 0.2 teammates in range

  how close the buildings got to the spots mvm_rottenburg names
    George dispenser              wave 1: 80
    George sentry                 wave 1: 508!
    (median units from the nearest authored spot; ! is off it, !! is nowhere near it)

  how close the nearest robot was
    demoman   median 685, closest tenth under 191, point blank 4% of samples
    engineer  median 954, closest tenth under 87, point blank 11% of samples
    heavy     median 961, closest tenth under 266, point blank 3% of samples
    medic     median 957, closest tenth under 266, point blank 3% of samples
    scout     median 658, closest tenth under 142, point blank 11% of samples
    soldier   median 1013, closest tenth under 476, point blank 4% of samples

  where they stood while a wave was running
    Ernie            heavy     stood still 11% of the time, longest 5s at 1687 -1434 -596, 15682 units walked per wave
                               trigger held in 44% of samples, 58% of those into the world (aimed at world 60%, func_respawnroomvisualizer 10%, giant soldier 7%)
    Fred             demoman   stood still 4% of the time, longest 5s at 891 -1597 -529, 17212 units walked per wave
                               trigger held in 27% of samples, 66% of those into the world (aimed at world 86%, soldier 8%, tf_ammo_pack 4%)
    George           engineer  stood still 24% of the time, longest 30s at 1481 -1026 -528, 20848 units walked per wave
                               asked to walk in 92% of samples, 26% of those with no path at all, 17% of those without moving
                               trigger held in 64% of samples, 18% of those into the world (aimed at world 42%, own_sentrygun 15%, giant soldier 15%)
                               wrench out 5 samples, 0% of them stopped out of reach of his own buildings
    Toby             medic     stood still 7% of the time, longest 5s at 1564 -1609 -602, 16988 units walked per wave
                               trigger held in 96% of samples, 26% of those into the world (aimed at teammate 53%, world 32%, soldier 7%)
    Uri              soldier   stood still 9% of the time, longest 5s at 1705 -1625 -611, 25319 units walked per wave
                               trigger held in 23% of samples, 100% of those into the world (aimed at world 81%, func_respawnroomvisualizer 9%, sentrygun 4%)
    Walt             scout     stood still 3% of the time, longest 5s at 1778 -1767 -604, 27077 units walked per wave
                               trigger held in 42% of samples, 54% of those into the world (aimed at world 66%, giant soldier 14%, func_respawnroomvisualizer 11%)

  between waves
    Ernie            heavy     no behaviour in 0% of samples, longest 0s, 2252 units walked
    Fred             demoman   no behaviour in 0% of samples, longest 0s, 3531 units walked
    George           engineer  no behaviour in 0% of samples, longest 0s, 6039 units walked
    Toby             medic     no behaviour in 0% of samples, longest 0s, 3699 units walked
    Uri              soldier   no behaviour in 0% of samples, longest 0s, 2435 units walked
    Walt             scout     no behaviour in 0% of samples, longest 0s, 4055 units walked

  how much one wave varies from the next
