[test-bed] found a Team Fortress 2 install in tf2-archipelago_tf2game
mvmbots-testbed_tf2game already has something in it, leaving it alone
mvmbots-testbed_tf2game already has the game
[test-bed] stopping the server while the mod is rebuilt
 Container mvmbots-testbed-srcds-1 Stopping 
 Container mvmbots-testbed-srcds-1 Stopped 
[test-bed] building
[test-bed] starting the server on mvm_rottenburg
 Container mvmbots-testbed-srcds-1 Recreate 
 Container mvmbots-testbed-srcds-1 Recreated 
 Container mvmbots-testbed-srcds-1 Starting 
 Container mvmbots-testbed-srcds-1 Started 
[test-bed] waiting for the server to answer rcon (the first run downloads the game)
[test-bed] loading mission mvm_rottenburg_advanced1
[test-bed] waiting for the server to settle before restarting the round
[test-bed] watching for 1 wave results, giving up after 900s
[test-bed] 0 of 1 waves finished
[test-bed] 0 of 1 waves finished
[test-bed] 0 of 1 waves finished
[test-bed] 0 of 1 waves finished
[test-bed] 0 of 1 waves finished
[test-bed] 0 of 1 waves finished
[test-bed] 0 of 1 waves finished
[test-bed] 0 of 1 waves finished
[test-bed] 0 of 1 waves finished
[test-bed] 0 of 1 waves finished
[test-bed] 1 of 1 waves finished
[test-bed] wrote results/blu-band/dmg-1.jsonl

results/blu-band/dmg-1.jsonl
  waves played      1
  cleared           0 (0%)
  robots killed     57, of them 1 giants
  defenders died    22
  sentries lost     3
  buildings took    524, engineer put back 0 (0%)
  damage dealt      18553
  of it, sentries   1472 (8%)
  damage to tanks   0
  healing done      2630, 1 ubers
  healing by class  scout 2230  engineer 304  medic 96
  scoreboard says   2228   (the event sum says 2630, which is a -402 gap)
  damage by class   heavy 7401  soldier 5151  demoman 2262  engineer 2160  scout 1350  medic 229
  kills by class    heavy 20  soldier 17  demoman 6  engineer 6  scout 6  medic 1
  giants by class   heavy 1
  killed us         soldier 14  demoman 5  scout 2  medic 1
  died to           explosion 19  other 3
  demoman damage    pipes 1550, stickies 712, bottle 0
  soldier damage    rockets 5151, everything else 0
  jars thrown       6
  projectiles       soldier 55 fired, 39 hit (70%);  demoman 38 fired, 18 hit (47%)
  hurt themselves   medic 1150  demoman 408  soldier 380  engineer 64
  killed themselves medic 1

  what the bots were doing (154 samples)
    Bob              demoman   DefenderAttack 83%, ScenarioMonitor 12%, DefenderCampBomb 4%
                               primary 66%/secondary 33%, hurt 20% of the time
    Cecil            heavy     DefenderAttack 92%, DefenderCollectNearMoney 3%, ScenarioMonitor 3%
                               primary 100%, hurt 0% of the time
    Elliot           scout     DefenderCollectMoney 53%, DefenderAttack 34%, ScenarioMonitor 11%
                               primary 69%/secondary 30%, hurt 0% of the time
    Ernie            soldier   DefenderAttack 72%, DefenderCampBomb 16%, ScenarioMonitor 8%
                               primary 88%/secondary 8%/melee 4%, hurt 16% of the time
    Eugene           engineer  DefenderEngineerIdle 50%, DefenderBuildSentrygun 29%, DefenderGetAmmo 12%
                               primary 70%/secondary 4%/melee 20%, hurt 20% of the time
    Walt             medic     Heal 78%, DefenderMedicRevive 14%, DefenderAttackUber 7%
                               beam on somebody 60% of the time, trigger held 85% (71% of that connected)
                               primary 14%/secondary 78%/melee 7%, hurt 0% of the time

  what the buildings were worth (65 samples)
    Eugene dispenser             level 3, saw a robot 40% of samples (1.0 at a time), 2.5 teammates in range
    Eugene sentry                level 3, saw a robot 41% of samples (1.2 at a time), 1.3 teammates in range
    Eugene teleporter entrance   level 3, saw a robot 4% of samples (0.0 at a time), 0.3 teammates in range
    Eugene teleporter exit       level 3, saw a robot 0% of samples (0.0 at a time), 0.1 teammates in range

  how close the buildings got to the spots mvm_rottenburg names
    Eugene dispenser              wave 1: 80
    Eugene sentry                 wave 1: 546!
    (median units from the nearest authored spot; ! is off it, !! is nowhere near it)

  how close the nearest robot was
    demoman   median 728, closest tenth under 208, point blank 0% of samples
    engineer  median 1468, closest tenth under 488, point blank 0% of samples
    heavy     median 824, closest tenth under 126, point blank 11% of samples
    medic     median 810, closest tenth under 389, point blank 3% of samples
    scout     median 737, closest tenth under 129, point blank 11% of samples
    soldier   median 793, closest tenth under 313, point blank 0% of samples

  where they stood while a wave was running
    Bob              demoman   stood still 8% of the time, longest 5s at 1452 -1496 -596, 20985 units walked per wave
                               trigger held in 34% of samples, 37% of those into the world (aimed at world 54%, func_respawnroomvisualizer 16%, teammate 8%)
    Cecil            heavy     stood still 11% of the time, longest 10s at 1938 -1598 -630, 17335 units walked per wave
                               trigger held in 46% of samples, 16% of those into the world (aimed at world 51%, entity_medigun_shield 22%, func_respawnroomvisualizer 7%)
    Elliot           scout     stood still 4% of the time, longest 5s at 1753 -1728 -608, 22798 units walked per wave
                               trigger held in 36% of samples, 44% of those into the world (aimed at world 65%, giant soldier 11%, soldier 11%)
    Ernie            soldier   stood still 0% of the time, longest 0s, 14003 units walked per wave
                               trigger held in 25% of samples, 33% of those into the world (aimed at world 64%, teammate 12%, entity_medigun_shield 12%)
    Eugene           engineer  stood still 8% of the time, longest 5s at 1520 -1109 -528, 24348 units walked per wave
                               asked to walk in 86% of samples, 15% of those with no path at all, 5% of those without moving
                               trigger held in 43% of samples, 40% of those into the world (aimed at world 70%, own_sentrygun 12%, scout 4%)
                               wrench out 5 samples, 0% of them stopped out of reach of his own buildings
    Walt             medic     stood still 7% of the time, longest 5s at 1493 -1708 -590, 18307 units walked per wave
                               trigger held in 88% of samples, 20% of those into the world (aimed at teammate 42%, world 25%, entity_medigun_shield 14%)

  how much one wave varies from the next
