[test-bed] found a Team Fortress 2 install in tf2-archipelago_tf2game
mvmbots-testbed_tf2game already has something in it, leaving it alone
mvmbots-testbed_tf2game already has the game
[test-bed] starting the server on mvm_rottenburg
 Container mvmbots-testbed-srcds-1 Running 
[test-bed] waiting for the server to answer rcon (the first run downloads the game)
[test-bed] loading mission mvm_rottenburg_advanced1
[test-bed] waiting for the server to settle before restarting the round
[test-bed] watching for 1 wave results, giving up after 900s
[test-bed] 0 of 1 waves finished
[test-bed] 0 of 1 waves finished
[test-bed] 0 of 1 waves finished
[test-bed] 0 of 1 waves finished
[test-bed] 0 of 1 waves finished
[test-bed] 0 of 1 waves finished
[test-bed] 0 of 1 waves finished
[test-bed] 0 of 1 waves finished
[test-bed] 0 of 1 waves finished
[test-bed] 0 of 1 waves finished
[test-bed] 0 of 1 waves finished
[test-bed] 1 of 1 waves finished
[test-bed] wrote results/blu-band/hp5-5.jsonl

results/blu-band/hp5-5.jsonl
  waves played      1
  cleared           0 (0%)
  robots killed     61, of them 2 giants
  defenders died    34
  sentries lost     1
  buildings took    588, engineer put back 239 (41%)
  damage dealt      20213
  of it, sentries   1456 (7%)
  damage to tanks   0
  healing done      2420, 0 ubers
  healing by class  scout 1899  engineer 327  medic 194
  scoreboard says   2168   (the event sum says 2420, which is a -252 gap)
  damage by class   heavy 7611  soldier 5076  demoman 3395  engineer 2456  scout 1605  medic 70
  kills by class    heavy 30  soldier 10  demoman 9  scout 6  engineer 3
  giants by class   heavy 2
  killed us         soldier 25  demoman 6  scout 3
  died to           explosion 29  other 5
  demoman damage    pipes 2624, stickies 771, bottle 0
  soldier damage    rockets 5076, everything else 0
  jars thrown       4
  projectiles       soldier 57 fired, 37 hit (64%);  demoman 52 fired, 21 hit (40%)
  hurt themselves   soldier 449  demoman 366  engineer 64
  killed themselves nothing

  what the bots were doing (266 samples)
    Bob              demoman   DefenderAttack 41%, DefenderCampBomb 26%, DefenderMoveToFront 23%
                               primary 73%/secondary 26%, hurt 19% of the time
    Cecil            heavy     DefenderAttack 62%, DefenderMoveToFront 28%, DefenderCampBomb 4%
                               primary 100%, hurt 6% of the time
    Elliot           scout     DefenderCollectMoney 48%, DefenderMoveToFront 31%, DefenderAttack 15%
                               primary 64%/secondary 2%, hurt 4% of the time
    Ernie            soldier   DefenderAttack 64%, DefenderGotoUpgrade 19%, DefenderMoveToFront 16%
                               primary 95%/secondary 4%, hurt 16% of the time
    Eugene           engineer  DefenderEngineerIdle 32%, DefenderBuildSentrygun 27%, DefenderBuildTeleporter 16%
                               primary 72%/secondary 6%/melee 2%, hurt 4% of the time
    Walt             medic     Heal 48%, DefenderMoveToFront 28%, DefenderMedicRevive 20%
                               beam on somebody 24% of the time, trigger held 44% (55% of that connected)
                               primary 24%/secondary 75%, hurt 6% of the time

  what the buildings were worth (47 samples)
    Eugene dispenser             level 3, saw a robot 13% of samples (0.1 at a time), 1.3 teammates in range
    Eugene sentry                level 3, saw a robot 12% of samples (0.4 at a time), 1.8 teammates in range

  how close the buildings got to the spots mvm_rottenburg names
    Eugene dispenser              wave 1: 73
    Eugene sentry                 wave 1: 583!
    (median units from the nearest authored spot; ! is off it, !! is nowhere near it)

  how close the nearest robot was
    demoman   median 601, closest tenth under 211, point blank 6% of samples
    engineer  median 1477, closest tenth under 368, point blank 3% of samples
    heavy     median 1025, closest tenth under 386, point blank 0% of samples
    medic     median 679, closest tenth under 232, point blank 6% of samples
    scout     median 780, closest tenth under 76, point blank 20% of samples
    soldier   median 884, closest tenth under 274, point blank 7% of samples

  where they stood while a wave was running
    Bob              demoman   stood still 16% of the time, longest 15s at 1672 -2221 -483, 21292 units walked per wave
                               trigger held in 32% of samples, 50% of those into the world (aimed at world 71%, teammate 9%, soldier 9%)
    Cecil            heavy     stood still 20% of the time, longest 20s at 1436 -2001 -494, 21893 units walked per wave
                               trigger held in 46% of samples, 35% of those into the world (aimed at world 67%, giant demoman 9%, soldier 6%)
    Elliot           scout     stood still 3% of the time, longest 5s at 920 -1899 -548, 31968 units walked per wave
                               trigger held in 26% of samples, 37% of those into the world (aimed at world 51%, soldier 12%, teammate 9%)
    Ernie            soldier   stood still 7% of the time, longest 5s at 1610 -2287 -482, 24435 units walked per wave
                               trigger held in 25% of samples, 85% of those into the world (aimed at world 85%, func_respawnroomvisualizer 7%, scout 3%)
    Eugene           engineer  stood still 7% of the time, longest 5s at 1396 -957 -518, 28668 units walked per wave
                               asked to walk in 92% of samples, 3% of those with no path at all, 7% of those without moving
                               trigger held in 32% of samples, 77% of those into the world (aimed at world 89%, soldier 6%, func_respawnroomvisualizer 3%)
                               wrench out 1 samples, 0% of them stopped out of reach of his own buildings
    Walt             medic     stood still 10% of the time, longest 5s at 1587 -2272 -479, 23242 units walked per wave
                               trigger held in 66% of samples, 40% of those into the world (aimed at world 54%, teammate 12%, entity_medigun_shield 12%)

  between waves
    Bob              demoman   no behaviour in 0% of samples, longest 0s, 10737 units walked
    Cecil            heavy     no behaviour in 0% of samples, longest 0s, 10163 units walked
    Elliot           scout     no behaviour in 0% of samples, longest 0s, 8691 units walked
    Ernie            soldier   no behaviour in 0% of samples, longest 0s, 9942 units walked
    Eugene           engineer  no behaviour in 0% of samples, longest 0s, 15428 units walked
    Walt             medic     no behaviour in 0% of samples, longest 0s, 9210 units walked

  how much one wave varies from the next
