[test-bed] found a Team Fortress 2 install in tf2-archipelago_tf2game
mvmbots-testbed_tf2game already has something in it, leaving it alone
mvmbots-testbed_tf2game already has the game
[test-bed] starting the server on mvm_rottenburg
 Container mvmbots-testbed-srcds-1 Recreate 
 Container mvmbots-testbed-srcds-1 Recreated 
 Container mvmbots-testbed-srcds-1 Starting 
 Container mvmbots-testbed-srcds-1 Started 
[test-bed] waiting for the server to answer rcon (the first run downloads the game)
[test-bed] loading mission mvm_rottenburg_advanced1
[test-bed] waiting for the server to settle before restarting the round
[test-bed] watching for 1 wave results, giving up after 900s
[test-bed] 0 of 1 waves finished
[test-bed] 0 of 1 waves finished
[test-bed] 0 of 1 waves finished
[test-bed] 0 of 1 waves finished
[test-bed] 0 of 1 waves finished
[test-bed] 0 of 1 waves finished
[test-bed] 0 of 1 waves finished
[test-bed] 0 of 1 waves finished
[test-bed] 0 of 1 waves finished
[test-bed] 0 of 1 waves finished
[test-bed] 0 of 1 waves finished
[test-bed] 0 of 1 waves finished
[test-bed] 0 of 1 waves finished
[test-bed] 0 of 1 waves finished
[test-bed] 1 of 1 waves finished
[test-bed] wrote results/blu-band/hp5fix-1.jsonl

results/blu-band/hp5fix-1.jsonl
  waves played      1
  cleared           0 (0%)
  robots killed     108, of them 6 giants
  defenders died    25
  sentries lost     1
  buildings took    471, engineer put back 290 (62%)
  damage dealt      18897
  of it, sentries   3664 (19%)
  damage to tanks   0
  healing done      1625, 1 ubers
  healing by class  scout 1278  medic 183  engineer 164
  scoreboard says   2741   (the event sum says 1625, which is a 1116 gap)
  damage by class   heavy 6042  engineer 5416  soldier 3110  demoman 2223  scout 1770  medic 336
  kills by class    heavy 31  engineer 27  soldier 19  demoman 14  scout 13
  giants by class   engineer 2  soldier 2  demoman 1
  killed us         demoman 10  soldier 10  scout 5
  died to           explosion 19  other 6
  demoman damage    pipes 1658, stickies 565, bottle 0
  soldier damage    rockets 3110, everything else 0
  jars thrown       8
  projectiles       soldier 54 fired, 30 hit (55%);  demoman 50 fired, 19 hit (38%)
  hurt themselves   demoman 1596
  killed themselves demoman 2

  what the bots were doing (251 samples)
    Bob              demoman   DefenderAttack 69%, ScenarioMonitor 10%, DefenderCampBomb 10%
                               primary 71%/secondary 28%, hurt 12% of the time
    Cecil            heavy     DefenderAttack 88%, ScenarioMonitor 4%, DefenderGotoUpgrade 4%
                               primary 100%, hurt 13% of the time
    Elliot           scout     DefenderCollectMoney 56%, ScenarioMonitor 17%, DefenderAttack 17%
                               primary 53%/secondary 46%, hurt 4% of the time
    Ernie            soldier   DefenderAttack 51%, DefenderCampBomb 20%, DefenderUpgrade 11%
                               primary 95%/secondary 4%, hurt 6% of the time
    Eugene           engineer  DefenderEngineerIdle 50%, DefenderBuildSentrygun 40%, DefenderGotoUpgrade 5%
                               primary 65%/secondary 7%/melee 20%, hurt 2% of the time
    Walt             medic     Heal 78%, DefenderMedicRevive 9%, DefenderGotoUpgrade 7%
                               beam on somebody 61% of the time, trigger held 76% (81% of that connected)
                               primary 14%/secondary 83%/melee 2%, hurt 14% of the time

  what the buildings were worth (114 samples)
    Eugene dispenser             level 3, saw a robot 31% of samples (0.6 at a time), 1.3 teammates in range
    Eugene sentry                level 3, saw a robot 31% of samples (0.7 at a time), 0.9 teammates in range
    Eugene teleporter entrance   level 3, saw a robot 2% of samples (0.0 at a time), 0.3 teammates in range
    Eugene teleporter exit       level 3, saw a robot 0% of samples (0.0 at a time), 0.1 teammates in range

  how close the buildings got to the spots mvm_rottenburg names
    Eugene dispenser              wave 1: 78
    Eugene sentry                 wave 1: 510!
    (median units from the nearest authored spot; ! is off it, !! is nowhere near it)

  how close the nearest robot was
    demoman   median 666, closest tenth under 208, point blank 2% of samples
    engineer  median 1441, closest tenth under 380, point blank 0% of samples
    heavy     median 967, closest tenth under 197, point blank 4% of samples
    medic     median 1185, closest tenth under 318, point blank 5% of samples
    scout     median 985, closest tenth under 145, point blank 10% of samples
    soldier   median 1337, closest tenth under 470, point blank 2% of samples

  where they stood while a wave was running
    Bob              demoman   stood still 16% of the time, longest 15s at -891 1107 -170, 26293 units walked per wave
                               trigger held in 25% of samples, 66% of those into the world (aimed at world 81%, giant demoman 10%, teammate 5%)
    Cecil            heavy     stood still 12% of the time, longest 5s at 1963 -1652 -626, 25094 units walked per wave
                               trigger held in 39% of samples, 43% of those into the world (aimed at world 59%, teammate 11%, soldier 9%)
    Elliot           scout     stood still 13% of the time, longest 10s at 1051 -2172 -326, 42683 units walked per wave
                               trigger held in 23% of samples, 66% of those into the world (aimed at world 66%, func_respawnroomvisualizer 20%, giant demoman 5%)
    Ernie            soldier   stood still 28% of the time, longest 20s at 225 1619 -431, 22794 units walked per wave
                               trigger held in 19% of samples, 100% of those into the world (aimed at world 79%, func_respawnroomvisualizer 16%, scout 2%)
    Eugene           engineer  stood still 13% of the time, longest 10s at 1481 -1040 -530, 32719 units walked per wave
                               asked to walk in 83% of samples, 19% of those with no path at all, 9% of those without moving
                               trigger held in 27% of samples, 60% of those into the world (aimed at world 84%, own_sentrygun 5%, medic 2%)
                               wrench out 8 samples, 25% of them stopped out of reach of his own buildings
    Walt             medic     stood still 5% of the time, longest 5s at 1141 -1786 -558, 25910 units walked per wave
                               trigger held in 82% of samples, 25% of those into the world (aimed at teammate 47%, world 30%, entity_medigun_shield 15%)

  between waves
    Bob              demoman   no behaviour in 0% of samples, longest 0s, 1163 units walked
    Cecil            heavy     no behaviour in 0% of samples, longest 0s, 738 units walked
    Elliot           scout     no behaviour in 0% of samples, longest 0s, 1629 units walked
    Ernie            soldier   no behaviour in 0% of samples, longest 0s, 714 units walked
    Eugene           engineer  no behaviour in 0% of samples, longest 0s, 68 units walked
    Walt             medic     no behaviour in 0% of samples, longest 0s, 1287 units walked

  how much one wave varies from the next
