[test-bed] found a Team Fortress 2 install in tf2-archipelago_tf2game
mvmbots-testbed_tf2game already has something in it, leaving it alone
mvmbots-testbed_tf2game already has the game
[test-bed] starting the server on mvm_rottenburg
 Container mvmbots-testbed-srcds-1 Running 
[test-bed] waiting for the server to answer rcon (the first run downloads the game)
[test-bed] loading mission mvm_rottenburg_advanced1
[test-bed] waiting for the server to settle before restarting the round
[test-bed] watching for 1 wave results, giving up after 900s
[test-bed] 0 of 1 waves finished
[test-bed] 0 of 1 waves finished
[test-bed] 0 of 1 waves finished
[test-bed] 0 of 1 waves finished
[test-bed] 0 of 1 waves finished
[test-bed] 0 of 1 waves finished
[test-bed] 0 of 1 waves finished
[test-bed] 0 of 1 waves finished
[test-bed] 0 of 1 waves finished
[test-bed] 0 of 1 waves finished
[test-bed] 0 of 1 waves finished
[test-bed] 0 of 1 waves finished
[test-bed] 1 of 1 waves finished
[test-bed] wrote results/blu-band/hp5fix-4.jsonl

results/blu-band/hp5fix-4.jsonl
  waves played      1
  cleared           0 (0%)
  robots killed     108, of them 6 giants
  defenders died    21
  sentries lost     2
  buildings took    696, engineer put back 151 (22%)
  damage dealt      19456
  of it, sentries   4432 (23%)
  damage to tanks   0
  healing done      1026, 0 ubers
  healing by class  scout 647  engineer 259  medic 120
  scoreboard says   1955   (the event sum says 1026, which is a 929 gap)
  damage by class   engineer 5825  demoman 5181  soldier 3222  heavy 2882  scout 2136  medic 210
  kills by class    engineer 35  soldier 23  demoman 22  heavy 19  scout 7
  giants by class   demoman 3  heavy 1
  killed us         soldier 13  scout 7  demoman 1
  died to           explosion 14  other 7
  demoman damage    pipes 4147, stickies 1034, bottle 0
  soldier damage    rockets 3222, everything else 0
  jars thrown       4
  projectiles       soldier 53 fired, 28 hit (52%);  demoman 58 fired, 29 hit (50%)
  hurt themselves   demoman 279  soldier 118
  killed themselves nothing

  what the bots were doing (306 samples)
    Bob              demoman   DefenderAttack 60%, DefenderMoveToFront 22%, DefenderCollectNearMoney 8%
                               primary 72%/secondary 27%, hurt 12% of the time
    Cecil            heavy     DefenderAttack 58%, DefenderCollectNearMoney 13%, DefenderGotoUpgrade 11%
                               primary 100%, hurt 1% of the time
    Elliot           scout     DefenderCollectMoney 50%, DefenderAttack 14%, DefenderMoveToFront 14%
                               primary 35%/secondary 64%, hurt 9% of the time
    Ernie            soldier   DefenderAttack 62%, DefenderMoveToFront 25%, DefenderCollectNearMoney 6%
                               primary 95%/secondary 4%, hurt 10% of the time
    Eugene           engineer  DefenderEngineerIdle 46%, DefenderBuildTeleporter 19%, DefenderBuildSentrygun 17%
                               primary 57%/secondary 1%/melee 25%, hurt 5% of the time
    Walt             medic     Heal 58%, DefenderMoveToFront 15%, DefenderMedicRevive 13%
                               beam on somebody 43% of the time, trigger held 62% (69% of that connected)
                               primary 27%/secondary 72%, hurt 11% of the time

  what the buildings were worth (151 samples)
    Eugene dispenser             level 3, saw a robot 10% of samples (0.3 at a time), 1.1 teammates in range
    Eugene sentry                level 3, saw a robot 12% of samples (0.5 at a time), 1.4 teammates in range
    Eugene teleporter entrance   level 3, saw a robot 0% of samples (0.0 at a time), 1.2 teammates in range
    Eugene teleporter exit       level 3, saw a robot 5% of samples (0.1 at a time), 0.2 teammates in range

  how close the buildings got to the spots mvm_rottenburg names
    Eugene dispenser              wave 1: 76
    Eugene sentry                 wave 1: 600!
    (median units from the nearest authored spot; ! is off it, !! is nowhere near it)

  how close the nearest robot was
    demoman   median 899, closest tenth under 223, point blank 3% of samples
    engineer  median 1405, closest tenth under 646, point blank 0% of samples
    heavy     median 1227, closest tenth under 323, point blank 0% of samples
    medic     median 1062, closest tenth under 338, point blank 0% of samples
    scout     median 1034, closest tenth under 242, point blank 0% of samples
    soldier   median 954, closest tenth under 353, point blank 3% of samples

  where they stood while a wave was running
    Bob              demoman   stood still 14% of the time, longest 10s at 386 -2020 -283, 34305 units walked per wave
                               trigger held in 20% of samples, 71% of those into the world (aimed at world 77%, teammate 5%, soldier 2%)
    Cecil            heavy     stood still 2% of the time, longest 5s at 584 -2133 -287, 30488 units walked per wave
                               trigger held in 27% of samples, 72% of those into the world (aimed at world 73%, teammate 9%, func_respawnroomvisualizer 7%)
    Elliot           scout     stood still 7% of the time, longest 10s at 1615 -2255 -480, 46546 units walked per wave
                               trigger held in 29% of samples, 75% of those into the world (aimed at world 76%, func_respawnroomvisualizer 9%, giant demoman 7%)
    Ernie            soldier   stood still 2% of the time, longest 5s at 1148 -2286 -338, 28839 units walked per wave
                               trigger held in 14% of samples, 60% of those into the world (aimed at world 83%, func_respawnroomvisualizer 5%, medic 2%)
    Eugene           engineer  stood still 15% of the time, longest 5s at 1369 -1672 -586, 30639 units walked per wave
                               asked to walk in 94% of samples, 16% of those with no path at all, 13% of those without moving
                               trigger held in 48% of samples, 63% of those into the world (aimed at world 77%, own_sentrygun 10%, func_respawnroomvisualizer 7%)
                               wrench out 10 samples, 0% of them stopped out of reach of his own buildings
    Walt             medic     stood still 13% of the time, longest 5s at 1728 -1711 -608, 31892 units walked per wave
                               trigger held in 84% of samples, 18% of those into the world (aimed at teammate 41%, world 28%, entity_medigun_shield 17%)

  between waves
    Bob              demoman   no behaviour in 0% of samples, longest 0s, 6403 units walked
    Cecil            heavy     no behaviour in 0% of samples, longest 0s, 6427 units walked
    Elliot           scout     no behaviour in 0% of samples, longest 0s, 6057 units walked
    Ernie            soldier   no behaviour in 0% of samples, longest 0s, 5973 units walked
    Eugene           engineer  no behaviour in 0% of samples, longest 0s, 14115 units walked
    Walt             medic     no behaviour in 0% of samples, longest 0s, 5623 units walked

  how much one wave varies from the next
