[test-bed] found a Team Fortress 2 install in tf2-archipelago_tf2game
mvmbots-testbed_tf2game already has something in it, leaving it alone
mvmbots-testbed_tf2game already has the game
[test-bed] starting the server on mvm_rottenburg
 Container mvmbots-testbed-srcds-1 Running 
[test-bed] waiting for the server to answer rcon (the first run downloads the game)
[test-bed] loading mission mvm_rottenburg_advanced1
[test-bed] waiting for the server to settle before restarting the round
[test-bed] watching for 1 wave results, giving up after 900s
[test-bed] 0 of 1 waves finished
[test-bed] 0 of 1 waves finished
[test-bed] 0 of 1 waves finished
[test-bed] 0 of 1 waves finished
[test-bed] 0 of 1 waves finished
[test-bed] 0 of 1 waves finished
[test-bed] 0 of 1 waves finished
[test-bed] 0 of 1 waves finished
[test-bed] 0 of 1 waves finished
[test-bed] 0 of 1 waves finished
[test-bed] 0 of 1 waves finished
[test-bed] 0 of 1 waves finished
[test-bed] 1 of 1 waves finished
[test-bed] wrote results/blu-band/hp5fix-7.jsonl

results/blu-band/hp5fix-7.jsonl
  waves played      1
  cleared           1 (100%)
  robots killed     107, of them 5 giants
  defenders died    13
  sentries lost     3
  buildings took    649, engineer put back 0 (0%)
  damage dealt      19663
  of it, sentries   1152 (6%)
  damage to tanks   0
  healing done      1732, 1 ubers
  healing by class  scout 957  engineer 444  medic 331
  scoreboard says   2273   (the event sum says 1732, which is a 541 gap)
  damage by class   heavy 5159  soldier 4495  demoman 4199  scout 3312  engineer 1876  medic 622
  kills by class    heavy 35  scout 22  engineer 20  soldier 17  demoman 11  medic 1
  giants by class   demoman 2  engineer 1  heavy 1  soldier 1
  killed us         soldier 9  demoman 2  scout 2
  died to           explosion 11  other 2
  demoman damage    pipes 3431, stickies 768, bottle 0
  soldier damage    rockets 4495, everything else 0
  jars thrown       7
  projectiles       soldier 58 fired, 39 hit (67%);  demoman 62 fired, 25 hit (40%)
  hurt themselves   demoman 366  soldier 255
  killed themselves nothing

  what the bots were doing (314 samples)
    Bob              demoman   DefenderAttack 63%, DefenderMoveToFront 21%, ScenarioMonitor 3%
                               primary 65%/secondary 34%, hurt 19% of the time
    Cecil            heavy     DefenderCampBomb 42%, DefenderAttack 31%, DefenderMoveToFront 12%
                               primary 100%, hurt 1% of the time
    Elliot           scout     DefenderCollectMoney 49%, DefenderMoveToFront 24%, DefenderAttack 15%
                               primary 47%/secondary 52%, hurt 1% of the time
    Ernie            soldier   DefenderAttack 62%, DefenderMoveToFront 25%, ScenarioMonitor 9%
                               primary 98%/secondary 1%, hurt 19% of the time
    Eugene           engineer  DefenderEngineerIdle 42%, DefenderBuildSentrygun 26%, DefenderBuildTeleporter 13%
                               primary 48%/melee 34%, hurt 3% of the time
    Walt             medic     Heal 73%, DefenderMoveToFront 21%, DefenderMedicRevive 1%
                               beam on somebody 61% of the time, trigger held 71% (86% of that connected)
                               primary 9%/secondary 90%, hurt 11% of the time

  what the buildings were worth (55 samples)
    Eugene dispenser             level 3, saw a robot 13% of samples (0.2 at a time), 1.0 teammates in range
    Eugene sentry                level 3, saw a robot 6% of samples (0.1 at a time), 1.6 teammates in range

  how close the buildings got to the spots mvm_rottenburg names
    Eugene dispenser              wave 1: 44
    Eugene sentry                 wave 1: 495!
    (median units from the nearest authored spot; ! is off it, !! is nowhere near it)

  how close the nearest robot was
    demoman   median 700, closest tenth under 201, point blank 5% of samples
    engineer  median 1979, closest tenth under 854, point blank 2% of samples
    heavy     median 1195, closest tenth under 277, point blank 0% of samples
    medic     median 1336, closest tenth under 367, point blank 8% of samples
    scout     median 1024, closest tenth under 184, point blank 2% of samples
    soldier   median 912, closest tenth under 252, point blank 0% of samples

  where they stood while a wave was running
    Bob              demoman   stood still 10% of the time, longest 10s at 1498 -1583 -598, 30117 units walked per wave
                               trigger held in 36% of samples, 57% of those into the world (aimed at world 74%, giant demoman 10%, func_respawnroomvisualizer 7%)
    Cecil            heavy     stood still 40% of the time, longest 40s at 1141 1499 -427, 11746 units walked per wave
                               trigger held in 37% of samples, 60% of those into the world (aimed at world 70%, entity_medigun_shield 9%, soldier 9%)
    Elliot           scout     stood still 5% of the time, longest 5s at 692 -1833 -526, 45981 units walked per wave
                               trigger held in 35% of samples, 64% of those into the world (aimed at world 75%, func_respawnroomvisualizer 7%, giant demoman 7%)
    Ernie            soldier   stood still 5% of the time, longest 5s at 1630 -1593 -607, 27343 units walked per wave
                               trigger held in 21% of samples, 62% of those into the world (aimed at world 68%, func_respawnroomvisualizer 10%, giant demoman 10%)
    Eugene           engineer  stood still 28% of the time, longest 25s at 1977 -1176 -499, 30997 units walked per wave
                               asked to walk in 97% of samples, 16% of those with no path at all, 29% of those without moving
                               trigger held in 31% of samples, 16% of those into the world (aimed at world 69%, own_sentrygun 15%, giant demoman 5%)
                               wrench out 18 samples, 0% of them stopped out of reach of his own buildings
    Walt             medic     stood still 23% of the time, longest 15s at 960 1496 -430, 19022 units walked per wave
                               trigger held in 94% of samples, 19% of those into the world (aimed at teammate 58%, world 25%, entity_medigun_shield 12%)

  between waves
    Bob              demoman   no behaviour in 0% of samples, longest 0s, 6504 units walked
    Cecil            heavy     no behaviour in 0% of samples, longest 0s, 6583 units walked
    Elliot           scout     no behaviour in 0% of samples, longest 0s, 5493 units walked
    Ernie            soldier   no behaviour in 0% of samples, longest 0s, 6040 units walked
    Eugene           engineer  no behaviour in 0% of samples, longest 0s, 12871 units walked
    Walt             medic     no behaviour in 0% of samples, longest 0s, 7226 units walked

  how much one wave varies from the next
