[test-bed] found a Team Fortress 2 install in tf2-archipelago_tf2game
mvmbots-testbed_tf2game already has something in it, leaving it alone
mvmbots-testbed_tf2game already has the game
[test-bed] starting the server on mvm_rottenburg
 Container mvmbots-testbed-srcds-1 Running 
[test-bed] waiting for the server to answer rcon (the first run downloads the game)
[test-bed] loading mission mvm_rottenburg_advanced1
[test-bed] waiting for the server to settle before restarting the round
[test-bed] watching for 1 wave results, giving up after 900s
[test-bed] 0 of 1 waves finished
[test-bed] 0 of 1 waves finished
[test-bed] 0 of 1 waves finished
[test-bed] 0 of 1 waves finished
[test-bed] 0 of 1 waves finished
[test-bed] 0 of 1 waves finished
[test-bed] 0 of 1 waves finished
[test-bed] 0 of 1 waves finished
[test-bed] 0 of 1 waves finished
[test-bed] 0 of 1 waves finished
[test-bed] 1 of 1 waves finished
[test-bed] wrote results/blu-band/spd5-2.jsonl

results/blu-band/spd5-2.jsonl
  waves played      1
  cleared           0 (0%)
  robots killed     58, of them 1 giants
  defenders died    18
  sentries lost     3
  buildings took    467, engineer put back 0 (0%)
  damage dealt      17718
  of it, sentries   736 (4%)
  damage to tanks   0
  healing done      2172, 1 ubers
  healing by class  scout 1619  medic 426  engineer 127
  scoreboard says   2534   (the event sum says 2172, which is a 362 gap)
  damage by class   heavy 7283  soldier 4028  scout 3402  demoman 1361  engineer 1101  medic 543
  kills by class    heavy 27  soldier 14  scout 8  demoman 6  engineer 3
  giants by class   soldier 1
  killed us         soldier 13  demoman 5
  died to           explosion 16  other 2
  demoman damage    pipes 612, stickies 749, bottle 0
  soldier damage    rockets 4028, everything else 0
  jars thrown       5
  projectiles       soldier 56 fired, 41 hit (73%);  demoman 30 fired, 11 hit (36%)
  hurt themselves   soldier 1337  demoman 91  engineer 16
  killed themselves soldier 1

  what the bots were doing (266 samples)
    Bob              demoman   DefenderAttack 50%, DefenderMoveToFront 34%, DefenderCampBomb 6%
                               primary 77%/secondary 22%, hurt 9% of the time
    Cecil            heavy     DefenderAttack 58%, DefenderMoveToFront 26%, DefenderGotoUpgrade 8%
                               primary 100%, hurt 8% of the time
    Elliot           scout     DefenderMoveToFront 34%, DefenderCollectMoney 30%, DefenderAttack 26%
                               primary 45%/secondary 54%, hurt 13% of the time
    Ernie            soldier   DefenderAttack 53%, DefenderMoveToFront 37%, DefenderCampBomb 4%
                               primary 95%/secondary 4%, hurt 20% of the time
    Eugene           engineer  DefenderBuildSentrygun 45%, DefenderBuildTeleporter 23%, DefenderGotoUpgrade 11%
                               primary 52%/secondary 2%/melee 9%, hurt 19% of the time
    Walt             medic     Heal 48%, DefenderMoveToFront 26%, DefenderGotoUpgrade 11%
                               beam on somebody 40% of the time, trigger held 51% (78% of that connected)
                               primary 37%/secondary 57%/melee 4%, hurt 11% of the time

  what the buildings were worth (59 samples)
    Eugene dispenser             level 3, saw a robot 15% of samples (0.4 at a time), 0.6 teammates in range
    Eugene sentry                level 3, saw a robot 27% of samples (0.6 at a time), 3.1 teammates in range
    Eugene teleporter entrance   level 3, saw a robot 3% of samples (0.0 at a time), 0.2 teammates in range

  how close the buildings got to the spots mvm_rottenburg names
    Eugene dispenser              wave 1: 86
    Eugene sentry                 wave 1: 502!
    (median units from the nearest authored spot; ! is off it, !! is nowhere near it)

  how close the nearest robot was
    demoman   median 581, closest tenth under 197, point blank 3% of samples
    engineer  median 1258, closest tenth under 517, point blank 0% of samples
    heavy     median 666, closest tenth under 206, point blank 3% of samples
    medic     median 787, closest tenth under 235, point blank 0% of samples
    scout     median 561, closest tenth under 246, point blank 3% of samples
    soldier   median 685, closest tenth under 447, point blank 0% of samples

  where they stood while a wave was running
    Bob              demoman   stood still 3% of the time, longest 5s at 1108 -1918 -561, 22379 units walked per wave
                               trigger held in 26% of samples, 42% of those into the world (aimed at world 74%, giant demoman 7%, giant soldier 7%)
    Cecil            heavy     stood still 7% of the time, longest 5s at 1840 -1628 -620, 14733 units walked per wave
                               trigger held in 50% of samples, 28% of those into the world (aimed at world 51%, entity_medigun_shield 10%, soldier 10%)
    Elliot           scout     stood still 3% of the time, longest 5s at 795 -1221 -432, 24256 units walked per wave
                               trigger held in 57% of samples, 62% of those into the world (aimed at world 68%, giant soldier 10%, medic 3%)
    Ernie            soldier   stood still 12% of the time, longest 5s at 1499 -1382 -588, 19852 units walked per wave
                               trigger held in 32% of samples, 87% of those into the world (aimed at world 84%, teammate 7%, func_respawnroomvisualizer 3%)
    Eugene           engineer  stood still 20% of the time, longest 25s at 1520 -1041 -530, 23560 units walked per wave
                               asked to walk in 70% of samples, 0% of those with no path at all, 0% of those without moving
                               trigger held in 29% of samples, 85% of those into the world (aimed at world 72%, func_door 24%, func_respawnroomvisualizer 4%)
                               wrench out 1 samples, 0% of them stopped out of reach of his own buildings
    Walt             medic     stood still 7% of the time, longest 5s at 1435 -1737 -583, 19571 units walked per wave
                               trigger held in 85% of samples, 34% of those into the world (aimed at world 42%, teammate 39%, entity_medigun_shield 17%)

  between waves
    Bob              demoman   no behaviour in 0% of samples, longest 0s, 8831 units walked
    Cecil            heavy     no behaviour in 0% of samples, longest 0s, 11785 units walked
    Elliot           scout     no behaviour in 0% of samples, longest 0s, 9012 units walked
    Ernie            soldier   no behaviour in 0% of samples, longest 0s, 9142 units walked
    Eugene           engineer  no behaviour in 0% of samples, longest 0s, 16954 units walked
    Walt             medic     no behaviour in 0% of samples, longest 0s, 9996 units walked

  how much one wave varies from the next
